Archive member included to satisfy reference by file (symbol)

f:/smartcar/mounriver/mounriver_studio/toolchain/risc-v embedded gcc/bin/../lib/gcc/riscv-none-embed/8.2.0/../../../../riscv-none-embed/lib/rv32imafc/ilp32f\libm.a(lib_a-s_cos.o)
                              ./zf_device/zf_device_gps_tau1201.o (cos)
f:/smartcar/mounriver/mounriver_studio/toolchain/risc-v embedded gcc/bin/../lib/gcc/riscv-none-embed/8.2.0/../../../../riscv-none-embed/lib/rv32imafc/ilp32f\libm.a(lib_a-s_sin.o)
                              ./zf_device/zf_device_gps_tau1201.o (sin)
f:/smartcar/mounriver/mounriver_studio/toolchain/risc-v embedded gcc/bin/../lib/gcc/riscv-none-embed/8.2.0/../../../../riscv-none-embed/lib/rv32imafc/ilp32f\libm.a(lib_a-sf_atan.o)
                              ./code/imagpro.o (atanf)
f:/smartcar/mounriver/mounriver_studio/toolchain/risc-v embedded gcc/bin/../lib/gcc/riscv-none-embed/8.2.0/../../../../riscv-none-embed/lib/rv32imafc/ilp32f\libm.a(lib_a-sf_fabs.o)
                              f:/smartcar/mounriver/mounriver_studio/toolchain/risc-v embedded gcc/bin/../lib/gcc/riscv-none-embed/8.2.0/../../../../riscv-none-embed/lib/rv32imafc/ilp32f\libm.a(lib_a-sf_atan.o) (fabsf)
f:/smartcar/mounriver/mounriver_studio/toolchain/risc-v embedded gcc/bin/../lib/gcc/riscv-none-embed/8.2.0/../../../../riscv-none-embed/lib/rv32imafc/ilp32f\libm.a(lib_a-sf_tan.o)
                              ./code/Back_Wheel.o (tanf)
f:/smartcar/mounriver/mounriver_studio/toolchain/risc-v embedded gcc/bin/../lib/gcc/riscv-none-embed/8.2.0/../../../../riscv-none-embed/lib/rv32imafc/ilp32f\libm.a(lib_a-w_asin.o)
                              ./zf_device/zf_device_gps_tau1201.o (asin)
f:/smartcar/mounriver/mounriver_studio/toolchain/risc-v embedded gcc/bin/../lib/gcc/riscv-none-embed/8.2.0/../../../../riscv-none-embed/lib/rv32imafc/ilp32f\libm.a(lib_a-w_atan2.o)
                              ./zf_device/zf_device_gps_tau1201.o (atan2)
f:/smartcar/mounriver/mounriver_studio/toolchain/risc-v embedded gcc/bin/../lib/gcc/riscv-none-embed/8.2.0/../../../../riscv-none-embed/lib/rv32imafc/ilp32f\libm.a(lib_a-w_pow.o)
                              ./zf_device/zf_device_gps_tau1201.o (pow)
f:/smartcar/mounriver/mounriver_studio/toolchain/risc-v embedded gcc/bin/../lib/gcc/riscv-none-embed/8.2.0/../../../../riscv-none-embed/lib/rv32imafc/ilp32f\libm.a(lib_a-w_sqrt.o)
                              ./zf_device/zf_device_gps_tau1201.o (sqrt)
f:/smartcar/mounriver/mounriver_studio/toolchain/risc-v embedded gcc/bin/../lib/gcc/riscv-none-embed/8.2.0/../../../../riscv-none-embed/lib/rv32imafc/ilp32f\libm.a(lib_a-wf_atan2.o)
                              ./code/imagpro.o (atan2f)
f:/smartcar/mounriver/mounriver_studio/toolchain/risc-v embedded gcc/bin/../lib/gcc/riscv-none-embed/8.2.0/../../../../riscv-none-embed/lib/rv32imafc/ilp32f\libm.a(lib_a-e_asin.o)
                              f:/smartcar/mounriver/mounriver_studio/toolchain/risc-v embedded gcc/bin/../lib/gcc/riscv-none-embed/8.2.0/../../../../riscv-none-embed/lib/rv32imafc/ilp32f\libm.a(lib_a-w_asin.o) (__ieee754_asin)
f:/smartcar/mounriver/mounriver_studio/toolchain/risc-v embedded gcc/bin/../lib/gcc/riscv-none-embed/8.2.0/../../../../riscv-none-embed/lib/rv32imafc/ilp32f\libm.a(lib_a-e_atan2.o)
                              f:/smartcar/mounriver/mounriver_studio/toolchain/risc-v embedded gcc/bin/../lib/gcc/riscv-none-embed/8.2.0/../../../../riscv-none-embed/lib/rv32imafc/ilp32f\libm.a(lib_a-w_atan2.o) (__ieee754_atan2)
f:/smartcar/mounriver/mounriver_studio/toolchain/risc-v embedded gcc/bin/../lib/gcc/riscv-none-embed/8.2.0/../../../../riscv-none-embed/lib/rv32imafc/ilp32f\libm.a(lib_a-e_pow.o)
                              f:/smartcar/mounriver/mounriver_studio/toolchain/risc-v embedded gcc/bin/../lib/gcc/riscv-none-embed/8.2.0/../../../../riscv-none-embed/lib/rv32imafc/ilp32f\libm.a(lib_a-w_pow.o) (__ieee754_pow)
f:/smartcar/mounriver/mounriver_studio/toolchain/risc-v embedded gcc/bin/../lib/gcc/riscv-none-embed/8.2.0/../../../../riscv-none-embed/lib/rv32imafc/ilp32f\libm.a(lib_a-e_rem_pio2.o)
                              f:/smartcar/mounriver/mounriver_studio/toolchain/risc-v embedded gcc/bin/../lib/gcc/riscv-none-embed/8.2.0/../../../../riscv-none-embed/lib/rv32imafc/ilp32f\libm.a(lib_a-s_cos.o) (__ieee754_rem_pio2)
f:/smartcar/mounriver/mounriver_studio/toolchain/risc-v embedded gcc/bin/../lib/gcc/riscv-none-embed/8.2.0/../../../../riscv-none-embed/lib/rv32imafc/ilp32f\libm.a(lib_a-e_sqrt.o)
                              f:/smartcar/mounriver/mounriver_studio/toolchain/risc-v embedded gcc/bin/../lib/gcc/riscv-none-embed/8.2.0/../../../../riscv-none-embed/lib/rv32imafc/ilp32f\libm.a(lib_a-w_sqrt.o) (__ieee754_sqrt)
f:/smartcar/mounriver/mounriver_studio/toolchain/risc-v embedded gcc/bin/../lib/gcc/riscv-none-embed/8.2.0/../../../../riscv-none-embed/lib/rv32imafc/ilp32f\libm.a(lib_a-ef_atan2.o)
[...]
Memory Configuration

Name             Origin             Length             Attributes
RAM              0x0000000020000000 0x0000000000018000 xrw
FLASH            0x0000000000000000 0x0000000000038000 xr
*default*        0x0000000000000000 0xffffffffffffffff

Linker script and memory map

LOAD ./zf_driver/zf_driver_adc.o
LOAD ./zf_driver/zf_driver_delay.o
LOAD ./zf_driver/zf_driver_dvp.o
LOAD ./zf_driver/zf_driver_encoder.o
LOAD ./zf_driver/zf_driver_exti.o
LOAD ./zf_driver/zf_driver_flash.o
LOAD ./zf_driver/zf_driver_gpio.o
LOAD ./zf_driver/zf_driver_iic.o
LOAD ./zf_driver/zf_driver_pit.o
LOAD ./zf_driver/zf_driver_pwm.o
LOAD ./zf_driver/zf_driver_soft_iic.o
LOAD ./zf_driver/zf_driver_soft_spi.o
LOAD ./zf_driver/zf_driver_spi.o
LOAD ./zf_driver/zf_driver_timer.o
LOAD ./zf_driver/zf_driver_uart.o
LOAD ./zf_driver/zf_driver_usb_cdc.o
LOAD ./zf_device/zf_device_absolute_encoder.o
LOAD ./zf_device/zf_device_aht20.o
LOAD ./zf_device/zf_device_bluetooth_ch9141.o
LOAD ./zf_device/zf_device_camera.o
LOAD ./zf_device/zf_device_dl1a.o
LOAD ./zf_device/zf_device_dm1xa.o
LOAD ./zf_device/zf_device_gps_tau1201.o
LOAD ./zf_device/zf_device_icm20602.o
LOAD ./zf_device/zf_device_imu660ra.o
LOAD ./zf_device/zf_device_imu963ra.o
LOAD ./zf_device/zf_device_ips114.o
LOAD ./zf_device/zf_device_ips200.o
LOAD ./zf_device/zf_device_k24c02.o
LOAD ./zf_device/zf_device_key.o
LOAD ./zf_device/zf_device_mpu6050.o
LOAD ./zf_device/zf_device_mt9v03x_dvp.o
LOAD ./zf_device/zf_device_oled.o
LOAD ./zf_device/zf_device_scc8660_dvp.o
LOAD ./zf_device/zf_device_tft180.o
LOAD ./zf_device/zf_device_type.o
LOAD ./zf_device/zf_device_virtual_oscilloscope.o
LOAD ./zf_device/zf_device_w25q32.o
LOAD ./zf_device/zf_device_wifi_uart.o
LOAD ./zf_device/zf_device_wireless_ch573.o
LOAD ./zf_device/zf_device_wireless_uart.o
LOAD ./zf_common/zf_common_clock.o
LOAD ./zf_common/zf_common_debug.o
LOAD ./zf_common/zf_common_fifo.o
LOAD ./zf_common/zf_common_font.o
LOAD ./zf_common/zf_common_function.o
LOAD ./zf_common/zf_common_interrupt.o
LOAD ./user_c/isr.o
LOAD ./user_c/main.o
LOAD ./sdk/Startup/startup_ch32v30x_D8C.o
LOAD ./sdk/Peripheral/ch32v30x_adc.o
LOAD ./sdk/Peripheral/ch32v30x_bkp.o
LOAD ./sdk/Peripheral/ch32v30x_can.o
LOAD ./sdk/Peripheral/ch32v30x_crc.o
LOAD ./sdk/Peripheral/ch32v30x_dac.o
LOAD ./sdk/Peripheral/ch32v30x_dbgmcu.o
LOAD ./sdk/Peripheral/ch32v30x_dma.o
LOAD ./sdk/Peripheral/ch32v30x_dvp.o
LOAD ./sdk/Peripheral/ch32v30x_eth.o
LOAD ./sdk/Peripheral/ch32v30x_exti.o
LOAD ./sdk/Peripheral/ch32v30x_flash.o
LOAD ./sdk/Peripheral/ch32v30x_fsmc.o
LOAD ./sdk/Peripheral/ch32v30x_gpio.o
LOAD ./sdk/Peripheral/ch32v30x_i2c.o
LOAD ./sdk/Peripheral/ch32v30x_iwdg.o
LOAD ./sdk/Peripheral/ch32v30x_opa.o
LOAD ./sdk/Peripheral/ch32v30x_pwr.o
LOAD ./sdk/Peripheral/ch32v30x_rcc.o
LOAD ./sdk/Peripheral/ch32v30x_rng.o
LOAD ./sdk/Peripheral/ch32v30x_rtc.o
LOAD ./sdk/Peripheral/ch32v30x_sdio.o
LOAD ./sdk/Peripheral/ch32v30x_spi.o
LOAD ./sdk/Peripheral/ch32v30x_tim.o
LOAD ./sdk/Peripheral/ch32v30x_usart.o
LOAD ./sdk/Peripheral/ch32v30x_usbotg_device.o
LOAD ./sdk/Peripheral/ch32v30x_wwdg.o
LOAD ./sdk/Core/core_riscv.o
LOAD ./code/Back_Wheel.o
LOAD ./code/CameraParams.o
LOAD ./code/Cross.o
LOAD ./code/Encoder.o
LOAD ./code/Initall.o
LOAD ./code/Menu.o
LOAD ./code/PM_Control.o
LOAD ./code/QMath.o
LOAD ./code/Roundabout.o
LOAD ./code/Steering.o
LOAD ./code/adc_dc.o
LOAD ./code/data.o
LOAD ./code/imagpro.o
LOAD ./code/imu.o
LOAD ./code/key.o
LOAD f:/smartcar/mounriver/mounriver_studio/toolchain/risc-v embedded gcc/bin/../lib/gcc/riscv-none-embed/8.2.0/../../../../riscv-none-embed/lib/rv32imafc/ilp32f\libm.a
LOAD F:\Smartcar\Seekfree_CH32V307VCT6_Opensource_Library(1)\libraries\zf_device\libzf_device_config.a
LOAD f:/smartcar/mounriver/mounriver_studio/toolchain/risc-v embedded gcc/bin/../lib/gcc/riscv-none-embed/8.2.0/rv32imafc/ilp32f\libgcc.a
LOAD f:/smartcar/mounriver/mounriver_studio/toolchain/risc-v embedded gcc/bin/../lib/gcc/riscv-none-embed/8.2.0/../../../../riscv-none-embed/lib/rv32imafc/ilp32f\libg_nano.a
LOAD f:/smartcar/mounriver/mounriver_studio/toolchain/risc-v embedded gcc/bin/../lib/gcc/riscv-none-embed/8.2.0/../../../../riscv-none-embed/lib/rv32imafc/ilp32f\libc_nano.a
LOAD f:/smartcar/mounriver/mounriver_studio/toolchain/risc-v embedded gcc/bin/../lib/gcc/riscv-none-embed/8.2.0/rv32imafc/ilp32f\libgcc.a
START GROUP
LOAD f:/smartcar/mounriver/mounriver_studio/toolchain/risc-v embedded gcc/bin/../lib/gcc/riscv-none-embed/8.2.0/rv32imafc/ilp32f\libgcc.a
LOAD f:/smartcar/mounriver/mounriver_studio/toolchain/risc-v embedded gcc/bin/../lib/gcc/riscv-none-embed/8.2.0/../../../../riscv-none-embed/lib/rv32imafc/ilp32f\libc_nano.a
LOAD f:/smartcar/mounriver/mounriver_studio/toolchain/risc-v embedded gcc/bin/../lib/gcc/riscv-none-embed/8.2.0/../../../../riscv-none-embed/lib/rv32imafc/ilp32f\libnosys.a
END GROUP
START GROUP
LOAD f:/smartcar/mounriver/mounriver_studio/toolchain/risc-v embedded gcc/bin/../lib/gcc/riscv-none-embed/8.2.0/rv32imafc/ilp32f\libgcc.a
LOAD f:/smartcar/mounriver/mounriver_studio/toolchain/risc-v embedded gcc/bin/../lib/gcc/riscv-none-embed/8.2.0/../../../../riscv-none-embed/lib/rv32imafc/ilp32f\libc_nano.a
LOAD f:/smartcar/mounriver/mounriver_studio/toolchain/risc-v embedded gcc/bin/../lib/gcc/riscv-none-embed/8.2.0/../../../../riscv-none-embed/lib/rv32imafc/ilp32f\libnosys.a
END GROUP
                0x0000000000000800                __stack_size = 0x800
                [!provide]                        PROVIDE (_stack_size = __stack_size)

.init           0x0000000000000000       0x38
                0x0000000000000000                _sinit = .
                0x0000000000000000                . = ALIGN (0x4)
 *(SORT_NONE(.init))
 .init          0x0000000000000000       0x38 ./sdk/Startup/startup_ch32v30x_D8C.o
                0x0000000000000000                _start
                0x0000000000000038                . = ALIGN (0x4)
                0x0000000000000038                _einit = .

.vector         0x0000000000000038      0x1c8
 *(.vector)
 .vector        0x0000000000000038      0x1a0 ./sdk/Startup/startup_ch32v30x_D8C.o
                0x0000000000000200                . = ALIGN (0x40)
 *fill*         0x00000000000001d8       0x28 

.text           0x0000000000000200    0x2021c
                0x0000000000000200                . = ALIGN (0x4)
 *(.text)
 .text          0x0000000000000200       0xa8 f:/smartcar/mounriver/mounriver_studio/toolchain/risc-v embedded gcc/bin/../lib/gcc/riscv-none-embed/8.2.0/../../../../riscv-none-embed/lib/rv32imafc/ilp32f\libg_nano.a(lib_a-memset.o)
                0x0000000000000200                memset
 .text          0x00000000000002a8      0x11e f:/smartcar/mounriver/mounriver_studio/toolchain/risc-v embedded gcc/bin/../lib/gcc/riscv-none-embed/8.2.0/../../../../riscv-none-embed/lib/rv32imafc/ilp32f\libg_nano.a(lib_a-strcmp.o)
                0x00000000000002a8                strcmp
 *(.text.*)
 .text.system_delay
                0x00000000000003c6       0x9a ./zf_driver/zf_driver_delay.o
                0x00000000000003c6                system_delay
 .text.dvp_gpio_init
                0x0000000000000460      0x118 ./zf_driver/zf_driver_dvp.o
                0x0000000000000460                dvp_gpio_init
 .text.dvp_camera_init
                0x0000000000000578      0x144 ./zf_driver/zf_driver_dvp.o
                0x0000000000000578                dvp_camera_init
 .text.encoder_get_count
                0x00000000000006bc      0x14e ./zf_driver/zf_driver_encoder.o
                0x00000000000006bc                encoder_get_count
 .text.encoder_clear_count
                0x000000000000080a       0x9a ./zf_driver/zf_driver_encoder.o
                0x000000000000080a                encoder_clear_count
 .text.encoder_quad_init
                0x00000000000008a4      0x2d6 ./zf_driver/zf_driver_encoder.o
                0x00000000000008a4                encoder_quad_init
 .text.flash_check
                0x0000000000000b7a       0xb2 ./zf_driver/zf_driver_flash.o
                0x0000000000000b7a                flash_check
 .text.flash_erase_sector
                0x0000000000000c2c       0xb4 ./zf_driver/zf_driver_flash.o
                0x0000000000000c2c                flash_erase_sector
 .text.flash_write_page
                0x0000000000000ce0      0x124 ./zf_driver/zf_driver_flash.o
                0x0000000000000ce0                flash_write_page
 .text.gpio_set_level
                0x0000000000000e04       0x78 ./zf_driver/zf_driver_gpio.o
                0x0000000000000e04                gpio_set_level
 .text.gpio_get_level
                0x0000000000000e7c       0x42 ./zf_driver/zf_driver_gpio.o
                0x0000000000000e7c                gpio_get_level
 .text.gpio_init
                0x0000000000000ebe      0x15c ./zf_driver/zf_driver_gpio.o
                0x0000000000000ebe                gpio_init
 .text.pit_init
                0x000000000000101a      0x218 ./zf_driver/zf_driver_pit.o
                0x000000000000101a                pit_init
 .text.pwm_set_duty
                0x0000000000001232      0x166 ./zf_driver/zf_driver_pwm.o
                0x0000000000001232                pwm_set_duty
 .text.pwm_init
                0x0000000000001398      0x416 ./zf_driver/zf_driver_pwm.o
                0x0000000000001398                pwm_init
 .text.soft_iic_start
                0x00000000000017ae      0x128 ./zf_driver/zf_driver_soft_iic.o
 .text.soft_iic_stop
                0x00000000000018d6      0x142 ./zf_driver/zf_driver_soft_iic.o
 .text.soft_iic_send_ack
                0x0000000000001a18      0x196 ./zf_driver/zf_driver_soft_iic.o
 .text.soft_iic_wait_ack
                0x0000000000001bae      0x160 ./zf_driver/zf_driver_soft_iic.o
 .text.soft_iic_send_data
                0x0000000000001d0e      0x16e ./zf_driver/zf_driver_soft_iic.o
 .text.soft_iic_read_data
                0x0000000000001e7c      0x1ea ./zf_driver/zf_driver_soft_iic.o
 .text.soft_iic_sccb_write_register
                0x0000000000002066       0x80 ./zf_driver/zf_driver_soft_iic.o
                0x0000000000002066                soft_iic_sccb_write_register
 .text.soft_iic_sccb_read_register
                0x00000000000020e6       0xb4 ./zf_driver/zf_driver_soft_iic.o
                0x00000000000020e6                soft_iic_sccb_read_register
 .text.soft_iic_init
                0x000000000000219a       0xb2 ./zf_driver/zf_driver_soft_iic.o
                0x000000000000219a                soft_iic_init
 .text.spi_write_8bit
                0x000000000000224c       0x6a ./zf_driver/zf_driver_spi.o
                0x000000000000224c                spi_write_8bit
 .text.spi_write_16bit
                0x00000000000022b6       0xa6 ./zf_driver/zf_driver_spi.o
                0x00000000000022b6                spi_write_16bit
 .text.spi_write_8bit_register
                0x000000000000235c       0xc4 ./zf_driver/zf_driver_spi.o
                0x000000000000235c                spi_write_8bit_register
 .text.spi_write_8bit_registers
                0x0000000000002420       0xba ./zf_driver/zf_driver_spi.o
                0x0000000000002420                spi_write_8bit_registers
 .text.spi_read_8bit_registers
                0x00000000000024da       0xe4 ./zf_driver/zf_driver_spi.o
                0x00000000000024da                spi_read_8bit_registers
 .text.spi_init
                0x00000000000025be      0x2f0 ./zf_driver/zf_driver_spi.o
                0x00000000000025be                spi_init
 .text.timer_funciton_check
                0x00000000000028ae       0x66 ./zf_driver/zf_driver_timer.o
                0x00000000000028ae                timer_funciton_check
 .text.timer_clock_enable
                0x0000000000002914       0xe2 ./zf_driver/zf_driver_timer.o
                0x0000000000002914                timer_clock_enable
 .text.timer_get
                0x00000000000029f6       0xfe ./zf_driver/zf_driver_timer.o
                0x00000000000029f6                timer_get
 .text.timer_clear
                0x0000000000002af4       0xc4 ./zf_driver/zf_driver_timer.o
                0x0000000000002af4                timer_clear
 .text.timer_init
                0x0000000000002bb8      0x1a0 ./zf_driver/zf_driver_timer.o
                0x0000000000002bb8                timer_init
 .text.uart_write_byte
                0x0000000000002d58       0x56 ./zf_driver/zf_driver_uart.o
                0x0000000000002d58                uart_write_byte
 .text.uart_write_buffer
                0x0000000000002dae       0x64 ./zf_driver/zf_driver_uart.o
                0x0000000000002dae                uart_write_buffer
 .text.uart_write_string
                0x0000000000002e12       0x60 ./zf_driver/zf_driver_uart.o
                0x0000000000002e12                uart_write_string
 .text.uart_rx_interrupt
                0x0000000000002e72       0x84 ./zf_driver/zf_driver_uart.o
                0x0000000000002e72                uart_rx_interrupt
 .text.uart_query_byte
                0x0000000000002ef6       0x5e ./zf_driver/zf_driver_uart.o
                0x0000000000002ef6                uart_query_byte
 .text.uart_init
                0x0000000000002f54      0x5a6 ./zf_driver/zf_driver_uart.o
                0x0000000000002f54                uart_init
 .text.camera_fifo_init
                0x00000000000034fa       0x22 ./zf_device/zf_device_camera.o
                0x00000000000034fa                camera_fifo_init
 .text.dm1xa_sound_callback
                0x000000000000351c       0xf6 ./zf_device/zf_device_dm1xa.o
                0x000000000000351c                dm1xa_sound_callback
 .text.dm1xa_light_callback
                0x0000000000003612       0x32 ./zf_device/zf_device_dm1xa.o
                0x0000000000003612                dm1xa_light_callback
 .text.gps_uart_callback
                0x0000000000003644      0x10a ./zf_device/zf_device_gps_tau1201.o
                0x0000000000003644                gps_uart_callback
 .text.imu660ra_write_register
                0x000000000000374e       0x52 ./zf_device/zf_device_imu660ra.o
 .text.imu660ra_write_registers
                0x00000000000037a0       0x54 ./zf_device/zf_device_imu660ra.o
 .text.imu660ra_read_register
                0x00000000000037f4       0x58 ./zf_device/zf_device_imu660ra.o
 .text.imu660ra_read_registers
                0x000000000000384c       0xa0 ./zf_device/zf_device_imu660ra.o
 .text.imu660ra_self_check
                0x00000000000038ec       0x6a ./zf_device/zf_device_imu660ra.o
 .text.imu660ra_get_acc
                0x0000000000003956       0x7e ./zf_device/zf_device_imu660ra.o
                0x0000000000003956                imu660ra_get_acc
 .text.imu660ra_get_gyro
                0x00000000000039d4       0x7e ./zf_device/zf_device_imu660ra.o
                0x00000000000039d4                imu660ra_get_gyro
 .text.imu660ra_init
                0x0000000000003a52      0x140 ./zf_device/zf_device_imu660ra.o
                0x0000000000003a52                imu660ra_init
 .text.ips200_write_data
                0x0000000000003b92       0x32 ./zf_device/zf_device_ips200.o
 .text.ips200_write_command
                0x0000000000003bc4       0xf8 ./zf_device/zf_device_ips200.o
 .text.ips200_write_8bit_data
                0x0000000000003cbc       0x8a ./zf_device/zf_device_ips200.o
 .text.ips200_write_16bit_data
                0x0000000000003d46       0xca ./zf_device/zf_device_ips200.o
 .text.ips200_set_region
                0x0000000000003e10       0xe8 ./zf_device/zf_device_ips200.o
 .text.ips200_debug_init
                0x0000000000003ef8       0x7e ./zf_device/zf_device_ips200.o
 .text.ips200_clear
                0x0000000000003f76       0x9a ./zf_device/zf_device_ips200.o
                0x0000000000003f76                ips200_clear
 .text.ips200_set_dir
                0x0000000000004010       0x46 ./zf_device/zf_device_ips200.o
                0x0000000000004010                ips200_set_dir
 .text.ips200_set_color
                0x0000000000004056       0x2c ./zf_device/zf_device_ips200.o
                0x0000000000004056                ips200_set_color
 .text.ips200_draw_point
                0x0000000000004082       0xb6 ./zf_device/zf_device_ips200.o
                0x0000000000004082                ips200_draw_point
 .text.ips200_draw_line
                0x0000000000004138      0x248 ./zf_device/zf_device_ips200.o
                0x0000000000004138                ips200_draw_line
 .text.ips200_show_char
                0x0000000000004380      0x292 ./zf_device/zf_device_ips200.o
                0x0000000000004380                ips200_show_char
 .text.ips200_show_string
                0x0000000000004612      0x11a ./zf_device/zf_device_ips200.o
                0x0000000000004612                ips200_show_string
 .text.ips200_show_int
                0x000000000000472c      0x13e ./zf_device/zf_device_ips200.o
                0x000000000000472c                ips200_show_int
 .text.ips200_show_float
                0x000000000000486a      0x1ae ./zf_device/zf_device_ips200.o
                0x000000000000486a                ips200_show_float
 .text.ips200_show_gray_image
                0x0000000000004a18      0x23c ./zf_device/zf_device_ips200.o
                0x0000000000004a18                ips200_show_gray_image
 .text.ips200_init
                0x0000000000004c54      0x430 ./zf_device/zf_device_ips200.o
                0x0000000000004c54                ips200_init
 .text.mt9v03x_set_config
                0x0000000000005084      0x14c ./zf_device/zf_device_mt9v03x_dvp.o
 .text.mt9v03x_get_config
                0x00000000000051d0      0x174 ./zf_device/zf_device_mt9v03x_dvp.o
 .text.mt9v03x_uart_handler
                0x0000000000005344       0x44 ./zf_device/zf_device_mt9v03x_dvp.o
 .text.mt9v03x_dvp_handler
                0x0000000000005388       0x14 ./zf_device/zf_device_mt9v03x_dvp.o
                0x0000000000005388                mt9v03x_dvp_handler
 .text.mt9v03x_get_version
                0x000000000000539c       0xda ./zf_device/zf_device_mt9v03x_dvp.o
                0x000000000000539c                mt9v03x_get_version
 .text.mt9v03x_init
                0x0000000000005476      0x18a ./zf_device/zf_device_mt9v03x_dvp.o
                0x0000000000005476                mt9v03x_init
 .text.type_default_callback
                0x0000000000005600        0xe ./zf_device/zf_device_type.o
 .text.set_camera_type
                0x000000000000560e       0x52 ./zf_device/zf_device_type.o
                0x000000000000560e                set_camera_type
 .text.clock_reset
                0x0000000000005660       0x76 ./zf_common/zf_common_clock.o
 .text.clock_set_freq
                0x00000000000056d6      0x1d8 ./zf_common/zf_common_clock.o
 .text.clock_init
                0x00000000000058ae       0x2e ./zf_common/zf_common_clock.o
                0x00000000000058ae                clock_init
 .text.__NOP    0x00000000000058dc       0x10 ./zf_common/zf_common_debug.o
 .text.debug_delay
                0x00000000000058ec       0x54 ./zf_common/zf_common_debug.o
 .text.debug_protective_handler
                0x0000000000005940        0xe ./zf_common/zf_common_debug.o
 .text.debug_uart_str_output
                0x000000000000594e       0x20 ./zf_common/zf_common_debug.o
 .text.debug_output
                0x000000000000596e      0x564 ./zf_common/zf_common_debug.o
 .text._write   0x0000000000005ed2       0x7c ./zf_common/zf_common_debug.o
                0x0000000000005ed2                _write
 .text.debug_assert_handler
                0x0000000000005f4e       0x68 ./zf_common/zf_common_debug.o
                0x0000000000005f4e                debug_assert_handler
 .text.debug_log_handler
                0x0000000000005fb6       0x4e ./zf_common/zf_common_debug.o
                0x0000000000005fb6                debug_log_handler
 .text.debug_output_struct_init
                0x0000000000006004       0x5a ./zf_common/zf_common_debug.o
                0x0000000000006004                debug_output_struct_init
 .text.debug_output_init
                0x000000000000605e       0xa8 ./zf_common/zf_common_debug.o
                0x000000000000605e                debug_output_init
 .text.debug_init
                0x0000000000006106       0x4a ./zf_common/zf_common_debug.o
                0x0000000000006106                debug_init
 .text.fifo_head_offset
                0x0000000000006150       0x4e ./zf_common/zf_common_fifo.o
 .text.fifo_end_offset
                0x000000000000619e       0x4e ./zf_common/zf_common_fifo.o
 .text.fifo_clear
                0x00000000000061ec      0x100 ./zf_common/zf_common_fifo.o
                0x00000000000061ec                fifo_clear
 .text.fifo_used
                0x00000000000062ec       0x44 ./zf_common/zf_common_fifo.o
                0x00000000000062ec                fifo_used
 .text.fifo_write_element
                0x0000000000006330      0x118 ./zf_common/zf_common_fifo.o
                0x0000000000006330                fifo_write_element
 .text.fifo_write_buffer
                0x0000000000006448      0x304 ./zf_common/zf_common_fifo.o
                0x0000000000006448                fifo_write_buffer
 .text.fifo_read_buffer
                0x000000000000674c      0x2e0 ./zf_common/zf_common_fifo.o
                0x000000000000674c                fifo_read_buffer
 .text.fifo_init
                0x0000000000006a2c       0x96 ./zf_common/zf_common_fifo.o
                0x0000000000006a2c                fifo_init
 .text.func_int_to_str
                0x0000000000006ac2      0x116 ./zf_common/zf_common_function.o
                0x0000000000006ac2                func_int_to_str
 .text.func_float_to_str
                0x0000000000006bd8      0x260 ./zf_common/zf_common_function.o
                0x0000000000006bd8                func_float_to_str
 .text.__enable_irq
                0x0000000000006e38       0x18 ./zf_common/zf_common_interrupt.o
 .text.__disable_irq
                0x0000000000006e50       0x14 ./zf_common/zf_common_interrupt.o
 .text.NVIC_EnableIRQ
                0x0000000000006e64       0x32 ./zf_common/zf_common_interrupt.o
 .text.NVIC_DisableIRQ
                0x0000000000006e96       0x32 ./zf_common/zf_common_interrupt.o
 .text.NVIC_SetPriority
                0x0000000000006ec8       0x2a ./zf_common/zf_common_interrupt.o
 .text.interrupt_enable
                0x0000000000006ef2       0x1e ./zf_common/zf_common_interrupt.o
                0x0000000000006ef2                interrupt_enable
 .text.interrupt_disable
                0x0000000000006f10       0x1e ./zf_common/zf_common_interrupt.o
                0x0000000000006f10                interrupt_disable
 .text.interrupt_set_priority
                0x0000000000006f2e       0x2a ./zf_common/zf_common_interrupt.o
                0x0000000000006f2e                interrupt_set_priority
 .text.interrupt_global_enable
                0x0000000000006f58       0x32 ./zf_common/zf_common_interrupt.o
                0x0000000000006f58                interrupt_global_enable
 .text.interrupt_global_disable
                0x0000000000006f8a       0x2c ./zf_common/zf_common_interrupt.o
                0x0000000000006f8a                interrupt_global_disable
 .text.interrupt_init
                0x0000000000006fb6       0x18 ./zf_common/zf_common_interrupt.o
                0x0000000000006fb6                interrupt_init
 .text.USART1_IRQHandler
                0x0000000000006fce       0x84 ./user_c/isr.o
                0x0000000000006fce                USART1_IRQHandler
 .text.USART2_IRQHandler
                0x0000000000007052       0x84 ./user_c/isr.o
                0x0000000000007052                USART2_IRQHandler
 .text.USART3_IRQHandler
                0x00000000000070d6       0x84 ./user_c/isr.o
                0x00000000000070d6                USART3_IRQHandler
 .text.UART4_IRQHandler
                0x000000000000715a       0x84 ./user_c/isr.o
                0x000000000000715a                UART4_IRQHandler
 .text.UART5_IRQHandler
                0x00000000000071de       0x82 ./user_c/isr.o
                0x00000000000071de                UART5_IRQHandler
 .text.UART6_IRQHandler
                0x0000000000007260       0x84 ./user_c/isr.o
                0x0000000000007260                UART6_IRQHandler
 .text.UART7_IRQHandler
                0x00000000000072e4       0x8a ./user_c/isr.o
                0x00000000000072e4                UART7_IRQHandler
 .text.UART8_IRQHandler
                0x000000000000736e       0x80 ./user_c/isr.o
                0x000000000000736e                UART8_IRQHandler
 .text.DVP_IRQHandler
                0x00000000000073ee       0x90 ./user_c/isr.o
                0x00000000000073ee                DVP_IRQHandler
 .text.EXTI0_IRQHandler
                0x000000000000747e       0x74 ./user_c/isr.o
                0x000000000000747e                EXTI0_IRQHandler
 .text.EXTI1_IRQHandler
                0x00000000000074f2       0x74 ./user_c/isr.o
                0x00000000000074f2                EXTI1_IRQHandler
 .text.EXTI2_IRQHandler
                0x0000000000007566       0x74 ./user_c/isr.o
                0x0000000000007566                EXTI2_IRQHandler
 .text.EXTI3_IRQHandler
                0x00000000000075da       0x74 ./user_c/isr.o
                0x00000000000075da                EXTI3_IRQHandler
 .text.EXTI4_IRQHandler
                0x000000000000764e       0x74 ./user_c/isr.o
                0x000000000000764e                EXTI4_IRQHandler
 .text.EXTI9_5_IRQHandler
                0x00000000000076c2       0xd8 ./user_c/isr.o
                0x00000000000076c2                EXTI9_5_IRQHandler
 .text.EXTI15_10_IRQHandler
                0x000000000000779a       0xec ./user_c/isr.o
                0x000000000000779a                EXTI15_10_IRQHandler
 .text.TIM1_UP_IRQHandler
                0x0000000000007886       0x80 ./user_c/isr.o
                0x0000000000007886                TIM1_UP_IRQHandler
 .text.TIM2_IRQHandler
                0x0000000000007906       0x78 ./user_c/isr.o
                0x0000000000007906                TIM2_IRQHandler
 .text.TIM3_IRQHandler
                0x000000000000797e       0x80 ./user_c/isr.o
                0x000000000000797e                TIM3_IRQHandler
 .text.TIM4_IRQHandler
                0x00000000000079fe       0x80 ./user_c/isr.o
                0x00000000000079fe                TIM4_IRQHandler
 .text.TIM5_IRQHandler
                0x0000000000007a7e       0x8c ./user_c/isr.o
                0x0000000000007a7e                TIM5_IRQHandler
 .text.TIM6_IRQHandler
                0x0000000000007b0a       0xec ./user_c/isr.o
                0x0000000000007b0a                TIM6_IRQHandler
 .text.TIM7_IRQHandler
                0x0000000000007bf6       0x80 ./user_c/isr.o
                0x0000000000007bf6                TIM7_IRQHandler
 .text.TIM8_UP_IRQHandler
                0x0000000000007c76       0x80 ./user_c/isr.o
                0x0000000000007c76                TIM8_UP_IRQHandler
 .text.TIM9_UP_IRQHandler
                0x0000000000007cf6       0x80 ./user_c/isr.o
                0x0000000000007cf6                TIM9_UP_IRQHandler
 .text.TIM10_UP_IRQHandler
                0x0000000000007d76       0x78 ./user_c/isr.o
                0x0000000000007d76                TIM10_UP_IRQHandler
 .text.NMI_Handler
                0x0000000000007dee       0x10 ./user_c/isr.o
                0x0000000000007dee                NMI_Handler
 .text.HardFault_Handler
                0x0000000000007dfe        0x8 ./user_c/isr.o
                0x0000000000007dfe                HardFault_Handler
 .text.main     0x0000000000007e06       0x1c ./user_c/main.o
                0x0000000000007e06                main
 .text.vector_handler
                0x0000000000007e22       0xbe ./sdk/Startup/startup_ch32v30x_D8C.o
                0x0000000000007e26                Ecall_M_Mode_Handler
                0x0000000000007e28                Ecall_U_Mode_Handler
                0x0000000000007e2a                Break_Point_Handler
                0x0000000000007e2c                SysTick_Handler
                0x0000000000007e2e                SW_Handler
                0x0000000000007e30                WWDG_IRQHandler
                0x0000000000007e32                PVD_IRQHandler
                0x0000000000007e34                TAMPER_IRQHandler
                0x0000000000007e36                RTC_IRQHandler
                0x0000000000007e38                FLASH_IRQHandler
                0x0000000000007e3a                RCC_IRQHandler
                0x0000000000007e46                DMA1_Channel1_IRQHandler
                0x0000000000007e48                DMA1_Channel2_IRQHandler
                0x0000000000007e4a                DMA1_Channel3_IRQHandler
                0x0000000000007e4c                DMA1_Channel4_IRQHandler
                0x0000000000007e4e                DMA1_Channel5_IRQHandler
                0x0000000000007e50                DMA1_Channel6_IRQHandler
                0x0000000000007e52                DMA1_Channel7_IRQHandler
                0x0000000000007e54                ADC1_2_IRQHandler
                0x0000000000007e56                USB_HP_CAN1_TX_IRQHandler
                0x0000000000007e58                USB_LP_CAN1_RX0_IRQHandler
                0x0000000000007e5a                CAN1_RX1_IRQHandler
                0x0000000000007e5c                CAN1_SCE_IRQHandler
                0x0000000000007e60                TIM1_BRK_IRQHandler
                0x0000000000007e64                TIM1_TRG_COM_IRQHandler
                0x0000000000007e66                TIM1_CC_IRQHandler
                0x0000000000007e6e                I2C1_EV_IRQHandler
                0x0000000000007e70                I2C1_ER_IRQHandler
                0x0000000000007e72                I2C2_EV_IRQHandler
                0x0000000000007e74                I2C2_ER_IRQHandler
                0x0000000000007e76                SPI1_IRQHandler
                0x0000000000007e78                SPI2_IRQHandler
                0x0000000000007e82                RTCAlarm_IRQHandler
                0x0000000000007e84                USBWakeUp_IRQHandler
                0x0000000000007e86                TIM8_BRK_IRQHandler
                0x0000000000007e8a                TIM8_TRG_COM_IRQHandler
                0x0000000000007e8c                TIM8_CC_IRQHandler
                0x0000000000007e8e                RNG_IRQHandler
                0x0000000000007e90                FSMC_IRQHandler
                0x0000000000007e92                SDIO_IRQHandler
                0x0000000000007e96                SPI3_IRQHandler
                0x0000000000007ea0                DMA2_Channel1_IRQHandler
                0x0000000000007ea2                DMA2_Channel2_IRQHandler
                0x0000000000007ea4                DMA2_Channel3_IRQHandler
                0x0000000000007ea6                DMA2_Channel4_IRQHandler
                0x0000000000007ea8                DMA2_Channel5_IRQHandler
                0x0000000000007eaa                ETH_IRQHandler
                0x0000000000007eac                ETH_WKUP_IRQHandler
                0x0000000000007eae                CAN2_TX_IRQHandler
                0x0000000000007eb0                CAN2_RX0_IRQHandler
                0x0000000000007eb2                CAN2_RX1_IRQHandler
                0x0000000000007eb4                CAN2_SCE_IRQHandler
                0x0000000000007eb8                USBHSWakeup_IRQHandler
                0x0000000000007eba                USBHS_IRQHandler
                0x0000000000007ec4                TIM9_BRK_IRQHandler
                0x0000000000007ec8                TIM9_TRG_COM_IRQHandler
                0x0000000000007eca                TIM9_CC_IRQHandler
                0x0000000000007ecc                TIM10_BRK_IRQHandler
                0x0000000000007ed0                TIM10_TRG_COM_IRQHandler
                0x0000000000007ed2                TIM10_CC_IRQHandler
                0x0000000000007ed4                DMA2_Channel6_IRQHandler
                0x0000000000007ed6                DMA2_Channel7_IRQHandler
                0x0000000000007ed8                DMA2_Channel8_IRQHandler
                0x0000000000007eda                DMA2_Channel9_IRQHandler
                0x0000000000007edc                DMA2_Channel10_IRQHandler
                0x0000000000007ede                DMA2_Channel11_IRQHandler
 .text.handle_reset
                0x0000000000007ee0       0x8a ./sdk/Startup/startup_ch32v30x_D8C.o
                0x0000000000007ee0                handle_reset
 .text.EXTI_GetITStatus
                0x0000000000007f6a       0x56 ./sdk/Peripheral/ch32v30x_exti.o
                0x0000000000007f6a                EXTI_GetITStatus
 .text.EXTI_ClearITPendingBit
                0x0000000000007fc0       0x20 ./sdk/Peripheral/ch32v30x_exti.o
                0x0000000000007fc0                EXTI_ClearITPendingBit
 .text.FLASH_Unlock
                0x0000000000007fe0       0x2a ./sdk/Peripheral/ch32v30x_flash.o
                0x0000000000007fe0                FLASH_Unlock
 .text.FLASH_Lock
                0x000000000000800a       0x1e ./sdk/Peripheral/ch32v30x_flash.o
                0x000000000000800a                FLASH_Lock
 .text.FLASH_ErasePage
                0x0000000000008028       0x76 ./sdk/Peripheral/ch32v30x_flash.o
                0x0000000000008028                FLASH_ErasePage
 .text.FLASH_ProgramWord
                0x000000000000809e       0xae ./sdk/Peripheral/ch32v30x_flash.o
                0x000000000000809e                FLASH_ProgramWord
 .text.FLASH_ClearFlag
                0x000000000000814c       0x1c ./sdk/Peripheral/ch32v30x_flash.o
                0x000000000000814c                FLASH_ClearFlag
 .text.FLASH_GetBank1Status
                0x0000000000008168       0x5a ./sdk/Peripheral/ch32v30x_flash.o
                0x0000000000008168                FLASH_GetBank1Status
 .text.FLASH_WaitForLastOperation
                0x00000000000081c2       0x58 ./sdk/Peripheral/ch32v30x_flash.o
                0x00000000000081c2                FLASH_WaitForLastOperation
 .text.GPIO_Init
                0x000000000000821a      0x22a ./sdk/Peripheral/ch32v30x_gpio.o
                0x000000000000821a                GPIO_Init
 .text.GPIO_WriteBit
                0x0000000000008444       0x38 ./sdk/Peripheral/ch32v30x_gpio.o
                0x0000000000008444                GPIO_WriteBit
 .text.GPIO_PinRemapConfig
                0x000000000000847c      0x1c8 ./sdk/Peripheral/ch32v30x_gpio.o
                0x000000000000847c                GPIO_PinRemapConfig
 .text.RCC_GetClocksFreq
                0x0000000000008644      0x2c6 ./sdk/Peripheral/ch32v30x_rcc.o
                0x0000000000008644                RCC_GetClocksFreq
 .text.RCC_AHBPeriphClockCmd
                0x000000000000890a       0x46 ./sdk/Peripheral/ch32v30x_rcc.o
                0x000000000000890a                RCC_AHBPeriphClockCmd
 .text.RCC_APB2PeriphClockCmd
                0x0000000000008950       0x46 ./sdk/Peripheral/ch32v30x_rcc.o
                0x0000000000008950                RCC_APB2PeriphClockCmd
 .text.RCC_APB1PeriphClockCmd
                0x0000000000008996       0x46 ./sdk/Peripheral/ch32v30x_rcc.o
                0x0000000000008996                RCC_APB1PeriphClockCmd
 .text.RCC_APB2PeriphResetCmd
                0x00000000000089dc       0x46 ./sdk/Peripheral/ch32v30x_rcc.o
                0x00000000000089dc                RCC_APB2PeriphResetCmd
 .text.RCC_APB1PeriphResetCmd
                0x0000000000008a22       0x46 ./sdk/Peripheral/ch32v30x_rcc.o
                0x0000000000008a22                RCC_APB1PeriphResetCmd
 .text.SPI_I2S_DeInit
                0x0000000000008a68       0x76 ./sdk/Peripheral/ch32v30x_spi.o
                0x0000000000008a68                SPI_I2S_DeInit
 .text.SPI_Init
                0x0000000000008ade       0xf8 ./sdk/Peripheral/ch32v30x_spi.o
                0x0000000000008ade                SPI_Init
 .text.SPI_Cmd  0x0000000000008bd6       0x5a ./sdk/Peripheral/ch32v30x_spi.o
                0x0000000000008bd6                SPI_Cmd
 .text.TIM_TimeBaseInit
                0x0000000000008c30      0x17e ./sdk/Peripheral/ch32v30x_tim.o
                0x0000000000008c30                TIM_TimeBaseInit
 .text.TIM_OC1Init
                0x0000000000008dae      0x19c ./sdk/Peripheral/ch32v30x_tim.o
                0x0000000000008dae                TIM_OC1Init
 .text.TIM_OC2Init
                0x0000000000008f4a      0x1e2 ./sdk/Peripheral/ch32v30x_tim.o
                0x0000000000008f4a                TIM_OC2Init
 .text.TIM_OC3Init
                0x000000000000912c      0x1dc ./sdk/Peripheral/ch32v30x_tim.o
                0x000000000000912c                TIM_OC3Init
 .text.TIM_OC4Init
                0x0000000000009308      0x176 ./sdk/Peripheral/ch32v30x_tim.o
                0x0000000000009308                TIM_OC4Init
 .text.TIM_TimeBaseStructInit
                0x000000000000947e       0x3c ./sdk/Peripheral/ch32v30x_tim.o
                0x000000000000947e                TIM_TimeBaseStructInit
 .text.TIM_Cmd  0x00000000000094ba       0x58 ./sdk/Peripheral/ch32v30x_tim.o
                0x00000000000094ba                TIM_Cmd
 .text.TIM_CtrlPWMOutputs
                0x0000000000009512       0x60 ./sdk/Peripheral/ch32v30x_tim.o
                0x0000000000009512                TIM_CtrlPWMOutputs
 .text.TIM_ITConfig
                0x0000000000009572       0x70 ./sdk/Peripheral/ch32v30x_tim.o
                0x0000000000009572                TIM_ITConfig
 .text.TIM_ITRxExternalClockConfig
                0x00000000000095e2       0x46 ./sdk/Peripheral/ch32v30x_tim.o
                0x00000000000095e2                TIM_ITRxExternalClockConfig
 .text.TIM_SelectInputTrigger
                0x0000000000009628       0x4e ./sdk/Peripheral/ch32v30x_tim.o
                0x0000000000009628                TIM_SelectInputTrigger
 .text.TIM_EncoderInterfaceConfig
                0x0000000000009676       0xd8 ./sdk/Peripheral/ch32v30x_tim.o
                0x0000000000009676                TIM_EncoderInterfaceConfig
 .text.TIM_OC1PreloadConfig
                0x000000000000974e       0x4c ./sdk/Peripheral/ch32v30x_tim.o
                0x000000000000974e                TIM_OC1PreloadConfig
 .text.TIM_OC2PreloadConfig
                0x000000000000979a       0x5a ./sdk/Peripheral/ch32v30x_tim.o
                0x000000000000979a                TIM_OC2PreloadConfig
 .text.TIM_OC3PreloadConfig
                0x00000000000097f4       0x4c ./sdk/Peripheral/ch32v30x_tim.o
                0x00000000000097f4                TIM_OC3PreloadConfig
 .text.TIM_OC4PreloadConfig
                0x0000000000009840       0x5a ./sdk/Peripheral/ch32v30x_tim.o
                0x0000000000009840                TIM_OC4PreloadConfig
 .text.TIM_OC1FastConfig
                0x000000000000989a       0x4c ./sdk/Peripheral/ch32v30x_tim.o
                0x000000000000989a                TIM_OC1FastConfig
 .text.TIM_OC2FastConfig
                0x00000000000098e6       0x56 ./sdk/Peripheral/ch32v30x_tim.o
                0x00000000000098e6                TIM_OC2FastConfig
 .text.TIM_OC3FastConfig
                0x000000000000993c       0x4c ./sdk/Peripheral/ch32v30x_tim.o
                0x000000000000993c                TIM_OC3FastConfig
 .text.TIM_OC4FastConfig
                0x0000000000009988       0x56 ./sdk/Peripheral/ch32v30x_tim.o
                0x0000000000009988                TIM_OC4FastConfig
 .text.TIM_GetITStatus
                0x00000000000099de       0x70 ./sdk/Peripheral/ch32v30x_tim.o
                0x00000000000099de                TIM_GetITStatus
 .text.TIM_ClearITPendingBit
                0x0000000000009a4e       0x2e ./sdk/Peripheral/ch32v30x_tim.o
                0x0000000000009a4e                TIM_ClearITPendingBit
 .text.USART_Init
                0x0000000000009a7c      0x234 ./sdk/Peripheral/ch32v30x_usart.o
                0x0000000000009a7c                USART_Init
 .text.USART_Cmd
                0x0000000000009cb0       0x60 ./sdk/Peripheral/ch32v30x_usart.o
                0x0000000000009cb0                USART_Cmd
 .text.USART_ITConfig
                0x0000000000009d10       0xc4 ./sdk/Peripheral/ch32v30x_usart.o
                0x0000000000009d10                USART_ITConfig
 .text.USART_SendData
                0x0000000000009dd4       0x2e ./sdk/Peripheral/ch32v30x_usart.o
                0x0000000000009dd4                USART_SendData
 .text.USART_GetFlagStatus
                0x0000000000009e02       0x46 ./sdk/Peripheral/ch32v30x_usart.o
                0x0000000000009e02                USART_GetFlagStatus
 .text.USART_GetITStatus
                0x0000000000009e48      0x102 ./sdk/Peripheral/ch32v30x_usart.o
                0x0000000000009e48                USART_GetITStatus
 .text.USART_ClearITPendingBit
                0x0000000000009f4a       0x4e ./sdk/Peripheral/ch32v30x_usart.o
                0x0000000000009f4a                USART_ClearITPendingBit
 .text.DevEP1_IN_Deal
                0x0000000000009f98       0x3e ./sdk/Peripheral/ch32v30x_usbotg_device.o
                0x0000000000009f98                DevEP1_IN_Deal
 .text.DevEP2_IN_Deal
                0x0000000000009fd6       0x3e ./sdk/Peripheral/ch32v30x_usbotg_device.o
                0x0000000000009fd6                DevEP2_IN_Deal
 .text.DevEP1_OUT_Deal
                0x000000000000a014       0x66 ./sdk/Peripheral/ch32v30x_usbotg_device.o
                0x000000000000a014                DevEP1_OUT_Deal
 .text.DevEP2_OUT_Deal
                0x000000000000a07a       0x66 ./sdk/Peripheral/ch32v30x_usbotg_device.o
                0x000000000000a07a                DevEP2_OUT_Deal
 .text.OTG_FS_IRQHandler
                0x000000000000a0e0      0xcd6 ./sdk/Peripheral/ch32v30x_usbotg_device.o
                0x000000000000a0e0                OTG_FS_IRQHandler
 .text.Motor_L_Control_Change_Integral
                0x000000000000adb6      0x180 ./code/Back_Wheel.o
                0x000000000000adb6                Motor_L_Control_Change_Integral
 .text.Motor_R_Control_Change_Integral
                0x000000000000af36      0x180 ./code/Back_Wheel.o
                0x000000000000af36                Motor_R_Control_Change_Integral
 .text.Differrntial
                0x000000000000b0b6      0x112 ./code/Back_Wheel.o
                0x000000000000b0b6                Differrntial
 .text.Back_Wheel_Out
                0x000000000000b1c8       0xa6 ./code/Back_Wheel.o
                0x000000000000b1c8                Back_Wheel_Out
 .text.DrawRemoteLine
                0x000000000000b26e      0x100 ./code/Cross.o
                0x000000000000b26e                DrawRemoteLine
 .text.Check_Cross
                0x000000000000b36e      0x19a ./code/Cross.o
                0x000000000000b36e                Check_Cross
 .text.FindRemoteLine
                0x000000000000b508      0x772 ./code/Cross.o
                0x000000000000b508                FindRemoteLine
 .text.FindRemoteCorner
                0x000000000000bc7a      0x86e ./code/Cross.o
                0x000000000000bc7a                FindRemoteCorner
 .text.Check_MIDCross
                0x000000000000c4e8       0xa6 ./code/Cross.o
                0x000000000000c4e8                Check_MIDCross
 .text.SideCrossFindRemoteLine
                0x000000000000c58e      0x77a ./code/Cross.o
                0x000000000000c58e                SideCrossFindRemoteLine
 .text.RightThreeCornerCross
                0x000000000000cd08      0x1a4 ./code/Cross.o
                0x000000000000cd08                RightThreeCornerCross
 .text.LeftThreeCornerCross
                0x000000000000ceac      0x1a4 ./code/Cross.o
                0x000000000000ceac                LeftThreeCornerCross
 .text.Get_Speed
                0x000000000000d050       0xb2 ./code/Encoder.o
                0x000000000000d050                Get_Speed
 .text.GetEncoder
                0x000000000000d102       0x7a ./code/Encoder.o
                0x000000000000d102                GetEncoder
 .text.Duoji_Init
                0x000000000000d17c       0x2e ./code/Initall.o
                0x000000000000d17c                Duoji_Init
 .text.Motor_Init
                0x000000000000d1aa       0x56 ./code/Initall.o
                0x000000000000d1aa                Motor_Init
 .text.PIT_Init
                0x000000000000d200       0x54 ./code/Initall.o
                0x000000000000d200                PIT_Init
 .text.Encoder_Init
                0x000000000000d254       0x32 ./code/Initall.o
                0x000000000000d254                Encoder_Init
 .text.Motor_L_Init
                0x000000000000d286       0x56 ./code/Initall.o
                0x000000000000d286                Motor_L_Init
 .text.Motor_R_Init
                0x000000000000d2dc       0x4e ./code/Initall.o
                0x000000000000d2dc                Motor_R_Init
 .text.MOTOR_PID_Init
                0x000000000000d32a       0xc0 ./code/Initall.o
                0x000000000000d32a                MOTOR_PID_Init
 .text.Duoji_PID_Init
                0x000000000000d3ea       0x58 ./code/Initall.o
                0x000000000000d3ea                Duoji_PID_Init
 .text.GYRO_Init
                0x000000000000d442       0x12 ./code/Initall.o
                0x000000000000d442                GYRO_Init
 .text.DATA_INIT
                0x000000000000d454       0x2a ./code/Initall.o
                0x000000000000d454                DATA_INIT
 .text.INITALL  0x000000000000d47e       0x6c ./code/Initall.o
                0x000000000000d47e                INITALL
 .text.menu_Departure
                0x000000000000d4ea       0x2c ./code/Menu.o
                0x000000000000d4ea                menu_Departure
 .text.menu_11  0x000000000000d516      0x10a ./code/Menu.o
                0x000000000000d516                menu_11
 .text.menu_12  0x000000000000d620       0xba ./code/Menu.o
                0x000000000000d620                menu_12
 .text.menu_13  0x000000000000d6da       0x58 ./code/Menu.o
                0x000000000000d6da                menu_13
 .text.menu_14  0x000000000000d732       0x58 ./code/Menu.o
                0x000000000000d732                menu_14
 .text.menu_15  0x000000000000d78a      0x45c ./code/Menu.o
                0x000000000000d78a                menu_15
 .text.menu_tuning
                0x000000000000dbe6      0x26a ./code/Menu.o
                0x000000000000dbe6                menu_tuning
 .text.have_sub_menu
                0x000000000000de50       0x5a ./code/Menu.o
                0x000000000000de50                have_sub_menu
 .text.show_sub_menu
                0x000000000000deaa       0xea ./code/Menu.o
                0x000000000000deaa                show_sub_menu
 .text.save_config
                0x000000000000df94       0x66 ./code/Menu.o
                0x000000000000df94                save_config
 .text.Menu_Switch
                0x000000000000dffa      0x12c ./code/Menu.o
                0x000000000000dffa                Menu_Switch
 .text.Angle_Control
                0x000000000000e126      0x2d4 ./code/PM_Control.o
                0x000000000000e126                Angle_Control
 .text.Position_Control
                0x000000000000e3fa       0xb8 ./code/PM_Control.o
                0x000000000000e3fa                Position_Control
 .text.Speed_Control
                0x000000000000e4b2       0xea ./code/PM_Control.o
                0x000000000000e4b2                Speed_Control
 .text.FSqrt    0x000000000000e59c       0x8e ./code/QMath.o
                0x000000000000e59c                FSqrt
 .text.FExp     0x000000000000e62a       0xf8 ./code/QMath.o
                0x000000000000e62a                FExp
 .text.Kabs     0x000000000000e722       0x2e ./code/QMath.o
                0x000000000000e722                Kabs
 .text.Fabs     0x000000000000e750       0x30 ./code/QMath.o
                0x000000000000e750                Fabs
 .text.clip     0x000000000000e780       0x54 ./code/QMath.o
                0x000000000000e780                clip
 .text.fclip    0x000000000000e7d4       0x48 ./code/QMath.o
                0x000000000000e7d4                fclip
 .text.Regression
                0x000000000000e81c      0x22e ./code/QMath.o
                0x000000000000e81c                Regression
 .text.Variance
                0x000000000000ea4a      0x16e ./code/QMath.o
                0x000000000000ea4a                Variance
 .text.Check_RightRoundabout
                0x000000000000ebb8      0x2e4 ./code/Roundabout.o
                0x000000000000ebb8                Check_RightRoundabout
 .text.Check_MIDRightRoundabout
                0x000000000000ee9c       0xc6 ./code/Roundabout.o
                0x000000000000ee9c                Check_MIDRightRoundabout
 .text.FindRightRemoteCornerRD
                0x000000000000ef62      0x606 ./code/Roundabout.o
                0x000000000000ef62                FindRightRemoteCornerRD
 .text.Check_LeftRoundabout
                0x000000000000f568      0x2de ./code/Roundabout.o
                0x000000000000f568                Check_LeftRoundabout
 .text.Check_MIDLeftRoundabout
                0x000000000000f846       0xc0 ./code/Roundabout.o
                0x000000000000f846                Check_MIDLeftRoundabout
 .text.FindLeftRemoteCornerRD
                0x000000000000f906      0x60a ./code/Roundabout.o
                0x000000000000f906                FindLeftRemoteCornerRD
 .text.CheckLocalMaximum
                0x000000000000ff10      0x238 ./code/Roundabout.o
                0x000000000000ff10                CheckLocalMaximum
 .text.CheckLocalMinimum
                0x0000000000010148      0x248 ./code/Roundabout.o
                0x0000000000010148                CheckLocalMinimum
 .text.Duoji_Control
                0x0000000000010390       0x8c ./code/Steering.o
                0x0000000000010390                Duoji_Control
 .text.Img_data_init
                0x000000000001041c      0x112 ./code/data.o
                0x000000000001041c                Img_data_init
 .text.DrawBoarder
                0x000000000001052e       0xe8 ./code/imagpro.o
                0x000000000001052e                DrawBoarder
 .text.DrawBoarderInvp
                0x0000000000010616      0x212 ./code/imagpro.o
                0x0000000000010616                DrawBoarderInvp
 .text.DrawCenter
                0x0000000000010828      0x206 ./code/imagpro.o
                0x0000000000010828                DrawCenter
 .text.All_image
                0x0000000000010a2e      0x226 ./code/imagpro.o
                0x0000000000010a2e                All_image
 .text.pooling  0x0000000000010c54      0x162 ./code/imagpro.o
                0x0000000000010c54                pooling
 .text.wusuowei
                0x0000000000010db6      0x550 ./code/imagpro.o
                0x0000000000010db6                wusuowei
 .text.LeftLine_SeedGrow_Adaptive
                0x0000000000011306      0x232 ./code/imagpro.o
                0x0000000000011306                LeftLine_SeedGrow_Adaptive
 .text.RightLine_SeedGrow_Adaptive
                0x0000000000011538      0x232 ./code/imagpro.o
                0x0000000000011538                RightLine_SeedGrow_Adaptive
 .text.BorderLineReCoor
                0x000000000001176a       0x58 ./code/imagpro.o
                0x000000000001176a                BorderLineReCoor
 .text.BorderWidth_Calc
                0x00000000000117c2       0xc0 ./code/imagpro.o
                0x00000000000117c2                BorderWidth_Calc
 .text.Inverse_Perspective
                0x0000000000011882       0x80 ./code/imagpro.o
                0x0000000000011882                Inverse_Perspective
 .text.Points_Blur
                0x0000000000011902      0x142 ./code/imagpro.o
                0x0000000000011902                Points_Blur
 .text.Points_Resample
                0x0000000000011a44      0x14a ./code/imagpro.o
                0x0000000000011a44                Points_Resample
 .text.Border_Local_Angle
                0x0000000000011b8e      0x1da ./code/imagpro.o
                0x0000000000011b8e                Border_Local_Angle
 .text.Angle_NMS
                0x0000000000011d68       0xec ./code/imagpro.o
                0x0000000000011d68                Angle_NMS
 .text.LeftBorderTrackingCenter
                0x0000000000011e54      0x136 ./code/imagpro.o
                0x0000000000011e54                LeftBorderTrackingCenter
 .text.RightBorderTrackingCenter
                0x0000000000011f8a      0x136 ./code/imagpro.o
                0x0000000000011f8a                RightBorderTrackingCenter
 .text.FindCorner
                0x00000000000120c0      0xcfe ./code/imagpro.o
                0x00000000000120c0                FindCorner
 .text.GetAimingDist
                0x0000000000012dbe      0xc12 ./code/imagpro.o
                0x0000000000012dbe                GetAimingDist
 .text.PurePursuit
                0x00000000000139d0      0x8a8 ./code/imagpro.o
                0x00000000000139d0                PurePursuit
 .text.Full_Inverse_Perspective
                0x0000000000014278       0x70 ./code/imagpro.o
                0x0000000000014278                Full_Inverse_Perspective
 .text.Out_Protect
                0x00000000000142e8       0x7a ./code/imagpro.o
                0x00000000000142e8                Out_Protect
 .text.gz_Kalman_Filter
                0x0000000000014362      0x1b4 ./code/imu.o
                0x0000000000014362                gz_Kalman_Filter
 .text.gyro_calculate
                0x0000000000014516       0xcc ./code/imu.o
                0x0000000000014516                gyro_calculate
 .text.key_switch
                0x00000000000145e2       0xe2 ./code/key.o
                0x00000000000145e2                key_switch
 .text.key_flag_clear
                0x00000000000146c4       0x1e ./code/key.o
                0x00000000000146c4                key_flag_clear
 .text.atanf    0x00000000000146e2      0x204 f:/smartcar/mounriver/mounriver_studio/toolchain/risc-v embedded gcc/bin/../lib/gcc/riscv-none-embed/8.2.0/../../../../riscv-none-embed/lib/rv32imafc/ilp32f\libm.a(lib_a-sf_atan.o)
                0x00000000000146e2                atanf
 .text.fabsf    0x00000000000148e6        0xe f:/smartcar/mounriver/mounriver_studio/toolchain/risc-v embedded gcc/bin/../lib/gcc/riscv-none-embed/8.2.0/../../../../riscv-none-embed/lib/rv32imafc/ilp32f\libm.a(lib_a-sf_fabs.o)
                0x00000000000148e6                fabsf
 .text.tanf     0x00000000000148f4       0x58 f:/smartcar/mounriver/mounriver_studio/toolchain/risc-v embedded gcc/bin/../lib/gcc/riscv-none-embed/8.2.0/../../../../riscv-none-embed/lib/rv32imafc/ilp32f\libm.a(lib_a-sf_tan.o)
                0x00000000000148f4                tanf
 .text.atan2f   0x000000000001494c        0x2 f:/smartcar/mounriver/mounriver_studio/toolchain/risc-v embedded gcc/bin/../lib/gcc/riscv-none-embed/8.2.0/../../../../riscv-none-embed/lib/rv32imafc/ilp32f\libm.a(lib_a-wf_atan2.o)
                0x000000000001494c                atan2f
 .text.__ieee754_atan2f
                0x000000000001494e      0x1c4 f:/smartcar/mounriver/mounriver_studio/toolchain/risc-v embedded gcc/bin/../lib/gcc/riscv-none-embed/8.2.0/../../../../riscv-none-embed/lib/rv32imafc/ilp32f\libm.a(lib_a-ef_atan2.o)
                0x000000000001494e                __ieee754_atan2f
 .text.__ieee754_rem_pio2f
                0x0000000000014b12      0x2b4 f:/smartcar/mounriver/mounriver_studio/toolchain/risc-v embedded gcc/bin/../lib/gcc/riscv-none-embed/8.2.0/../../../../riscv-none-embed/lib/rv32imafc/ilp32f\libm.a(lib_a-ef_rem_pio2.o)
                0x0000000000014b12                __ieee754_rem_pio2f
 .text.__kernel_rem_pio2f
                0x0000000000014dc6      0x6f4 f:/smartcar/mounriver/mounriver_studio/toolchain/risc-v embedded gcc/bin/../lib/gcc/riscv-none-embed/8.2.0/../../../../riscv-none-embed/lib/rv32imafc/ilp32f\libm.a(lib_a-kf_rem_pio2.o)
                0x0000000000014dc6                __kernel_rem_pio2f
 .text.__kernel_tanf
                0x00000000000154ba      0x21a f:/smartcar/mounriver/mounriver_studio/toolchain/risc-v embedded gcc/bin/../lib/gcc/riscv-none-embed/8.2.0/../../../../riscv-none-embed/lib/rv32imafc/ilp32f\libm.a(lib_a-kf_tan.o)
                0x00000000000154ba                __kernel_tanf
 .text.floorf   0x00000000000156d4       0xb2 f:/smartcar/mounriver/mounriver_studio/toolchain/risc-v embedded gcc/bin/../lib/gcc/riscv-none-embed/8.2.0/../../../../riscv-none-embed/lib/rv32imafc/ilp32f\libm.a(lib_a-sf_floor.o)
                0x00000000000156d4                floorf
 .text.scalbnf  0x0000000000015786      0x100 f:/smartcar/mounriver/mounriver_studio/toolchain/risc-v embedded gcc/bin/../lib/gcc/riscv-none-embed/8.2.0/../../../../riscv-none-embed/lib/rv32imafc/ilp32f\libm.a(lib_a-sf_scalbn.o)
                0x0000000000015786                scalbnf
 .text.copysignf
                0x0000000000015886       0x1c f:/smartcar/mounriver/mounriver_studio/toolchain/risc-v embedded gcc/bin/../lib/gcc/riscv-none-embed/8.2.0/../../../../riscv-none-embed/lib/rv32imafc/ilp32f\libm.a(lib_a-sf_copysign.o)
                0x0000000000015886                copysignf
 .text.mt9v03x_write_word_sccb
                0x00000000000158a2       0x34 F:\Smartcar\Seekfree_CH32V307VCT6_Opensource_Library(1)\libraries\zf_device\libzf_device_config.a(zf_device_config.o)
 .text.mt9v03x_set_config_sccb
                0x00000000000158d6      0x614 F:\Smartcar\Seekfree_CH32V307VCT6_Opensource_Library(1)\libraries\zf_device\libzf_device_config.a(zf_device_config.o)
                0x00000000000158d6                mt9v03x_set_config_sccb
 .text.__divdi3
                0x0000000000015eea      0x3d8 f:/smartcar/mounriver/mounriver_studio/toolchain/risc-v embedded gcc/bin/../lib/gcc/riscv-none-embed/8.2.0/rv32imafc/ilp32f\libgcc.a(_divdi3.o)
                0x0000000000015eea                __divdi3
 .text.__adddf3
                0x00000000000162c2      0xa0e f:/smartcar/mounriver/mounriver_studio/toolchain/risc-v embedded gcc/bin/../lib/gcc/riscv-none-embed/8.2.0/rv32imafc/ilp32f\libgcc.a(adddf3.o)
                0x00000000000162c2                __adddf3
 .text.__divdf3
                0x0000000000016cd0      0x7ea f:/smartcar/mounriver/mounriver_studio/toolchain/risc-v embedded gcc/bin/../lib/gcc/riscv-none-embed/8.2.0/rv32imafc/ilp32f\libgcc.a(divdf3.o)
                0x0000000000016cd0                __divdf3
 .text.__eqdf2  0x00000000000174ba       0x98 f:/smartcar/mounriver/mounriver_studio/toolchain/risc-v embedded gcc/bin/../lib/gcc/riscv-none-embed/8.2.0/rv32imafc/ilp32f\libgcc.a(eqdf2.o)
                0x00000000000174ba                __nedf2
                0x00000000000174ba                __eqdf2
 .text.__gedf2  0x0000000000017552       0xb6 f:/smartcar/mounriver/mounriver_studio/toolchain/risc-v embedded gcc/bin/../lib/gcc/riscv-none-embed/8.2.0/rv32imafc/ilp32f\libgcc.a(gedf2.o)
                0x0000000000017552                __gedf2
                0x0000000000017552                __gtdf2
 .text.__ledf2  0x0000000000017608       0xb6 f:/smartcar/mounriver/mounriver_studio/toolchain/risc-v embedded gcc/bin/../lib/gcc/riscv-none-embed/8.2.0/rv32imafc/ilp32f\libgcc.a(ledf2.o)
                0x0000000000017608                __ledf2
                0x0000000000017608                __ltdf2
 .text.__muldf3
                0x00000000000176be      0x656 f:/smartcar/mounriver/mounriver_studio/toolchain/risc-v embedded gcc/bin/../lib/gcc/riscv-none-embed/8.2.0/rv32imafc/ilp32f\libgcc.a(muldf3.o)
                0x00000000000176be                __muldf3
 .text.__subdf3
                0x0000000000017d14      0xa8c f:/smartcar/mounriver/mounriver_studio/toolchain/risc-v embedded gcc/bin/../lib/gcc/riscv-none-embed/8.2.0/rv32imafc/ilp32f\libgcc.a(subdf3.o)
                0x0000000000017d14                __subdf3
 .text.__unorddf2
                0x00000000000187a0       0x7c f:/smartcar/mounriver/mounriver_studio/toolchain/risc-v embedded gcc/bin/../lib/gcc/riscv-none-embed/8.2.0/rv32imafc/ilp32f\libgcc.a(unorddf2.o)
                0x00000000000187a0                __unorddf2
 .text.__fixdfsi
                0x000000000001881c       0xd8 f:/smartcar/mounriver/mounriver_studio/toolchain/risc-v embedded gcc/bin/../lib/gcc/riscv-none-embed/8.2.0/rv32imafc/ilp32f\libgcc.a(fixdfsi.o)
                0x000000000001881c                __fixdfsi
 .text.__fixunsdfsi
                0x00000000000188f4       0x9e f:/smartcar/mounriver/mounriver_studio/toolchain/risc-v embedded gcc/bin/../lib/gcc/riscv-none-embed/8.2.0/rv32imafc/ilp32f\libgcc.a(fixunsdfsi.o)
                0x00000000000188f4                __fixunsdfsi
 .text.__floatsidf
                0x0000000000018992       0x70 f:/smartcar/mounriver/mounriver_studio/toolchain/risc-v embedded gcc/bin/../lib/gcc/riscv-none-embed/8.2.0/rv32imafc/ilp32f\libgcc.a(floatsidf.o)
                0x0000000000018992                __floatsidf
 .text.__floatunsidf
                0x0000000000018a02       0x66 f:/smartcar/mounriver/mounriver_studio/toolchain/risc-v embedded gcc/bin/../lib/gcc/riscv-none-embed/8.2.0/rv32imafc/ilp32f\libgcc.a(floatunsidf.o)
                0x0000000000018a02                __floatunsidf
 .text.__floatdidf
                0x0000000000018a68      0x21c f:/smartcar/mounriver/mounriver_studio/toolchain/risc-v embedded gcc/bin/../lib/gcc/riscv-none-embed/8.2.0/rv32imafc/ilp32f\libgcc.a(floatdidf.o)
                0x0000000000018a68                __floatdidf
 .text.__extendsfdf2
                0x0000000000018c84       0xe8 f:/smartcar/mounriver/mounriver_studio/toolchain/risc-v embedded gcc/bin/../lib/gcc/riscv-none-embed/8.2.0/rv32imafc/ilp32f\libgcc.a(extendsfdf2.o)
                0x0000000000018c84                __extendsfdf2
 .text.__truncdfsf2
                0x0000000000018d6c      0x31e f:/smartcar/mounriver/mounriver_studio/toolchain/risc-v embedded gcc/bin/../lib/gcc/riscv-none-embed/8.2.0/rv32imafc/ilp32f\libgcc.a(truncdfsf2.o)
                0x0000000000018d6c                __truncdfsf2
 .text.__clzsi2
                0x000000000001908a       0x76 f:/smartcar/mounriver/mounriver_studio/toolchain/risc-v embedded gcc/bin/../lib/gcc/riscv-none-embed/8.2.0/rv32imafc/ilp32f\libgcc.a(_clzsi2.o)
                0x000000000001908a                __clzsi2
 .text.memcpy   0x0000000000019100       0xb6 f:/smartcar/mounriver/mounriver_studio/toolchain/risc-v embedded gcc/bin/../lib/gcc/riscv-none-embed/8.2.0/../../../../riscv-none-embed/lib/rv32imafc/ilp32f\libg_nano.a(lib_a-memcpy.o)
                0x0000000000019100                memcpy
 .text.__cvt    0x00000000000191b6       0xee f:/smartcar/mounriver/mounriver_studio/toolchain/risc-v embedded gcc/bin/../lib/gcc/riscv-none-embed/8.2.0/../../../../riscv-none-embed/lib/rv32imafc/ilp32f\libg_nano.a(lib_a-nano-vfprintf_float.o)
                0x00000000000191b6                __cvt
 .text.__exponent
                0x00000000000192a4       0x8c f:/smartcar/mounriver/mounriver_studio/toolchain/risc-v embedded gcc/bin/../lib/gcc/riscv-none-embed/8.2.0/../../../../riscv-none-embed/lib/rv32imafc/ilp32f\libg_nano.a(lib_a-nano-vfprintf_float.o)
                0x00000000000192a4                __exponent
 .text._printf_float
                0x0000000000019330      0x4c4 f:/smartcar/mounriver/mounriver_studio/toolchain/risc-v embedded gcc/bin/../lib/gcc/riscv-none-embed/8.2.0/../../../../riscv-none-embed/lib/rv32imafc/ilp32f\libg_nano.a(lib_a-nano-vfprintf_float.o)
                0x0000000000019330                _printf_float
 .text._printf_common
                0x00000000000197f4      0x10c f:/smartcar/mounriver/mounriver_studio/toolchain/risc-v embedded gcc/bin/../lib/gcc/riscv-none-embed/8.2.0/../../../../riscv-none-embed/lib/rv32imafc/ilp32f\libg_nano.a(lib_a-nano-vfprintf_i.o)
                0x00000000000197f4                _printf_common
 .text._printf_i
                0x0000000000019900      0x2ac f:/smartcar/mounriver/mounriver_studio/toolchain/risc-v embedded gcc/bin/../lib/gcc/riscv-none-embed/8.2.0/../../../../riscv-none-embed/lib/rv32imafc/ilp32f\libg_nano.a(lib_a-nano-vfprintf_i.o)
                0x0000000000019900                _printf_i
 .text.printf   0x0000000000019bac       0x42 f:/smartcar/mounriver/mounriver_studio/toolchain/risc-v embedded gcc/bin/../lib/gcc/riscv-none-embed/8.2.0/../../../../riscv-none-embed/lib/rv32imafc/ilp32f\libg_nano.a(lib_a-printf.o)
                0x0000000000019bac                iprintf
                0x0000000000019bac                printf
 .text.sprintf  0x0000000000019bee       0x46 f:/smartcar/mounriver/mounriver_studio/toolchain/risc-v embedded gcc/bin/../lib/gcc/riscv-none-embed/8.2.0/../../../../riscv-none-embed/lib/rv32imafc/ilp32f\libg_nano.a(lib_a-sprintf.o)
                0x0000000000019bee                siprintf
                0x0000000000019bee                sprintf
 .text.strlen   0x0000000000019c34       0x12 f:/smartcar/mounriver/mounriver_studio/toolchain/risc-v embedded gcc/bin/../lib/gcc/riscv-none-embed/8.2.0/../../../../riscv-none-embed/lib/rv32imafc/ilp32f\libg_nano.a(lib_a-strlen.o)
                0x0000000000019c34                strlen
 .text.strncmp  0x0000000000019c46       0x2c f:/smartcar/mounriver/mounriver_studio/toolchain/risc-v embedded gcc/bin/../lib/gcc/riscv-none-embed/8.2.0/../../../../riscv-none-embed/lib/rv32imafc/ilp32f\libg_nano.a(lib_a-strncmp.o)
                0x0000000000019c46                strncmp
 .text.quorem   0x0000000000019c72      0x13a f:/smartcar/mounriver/mounriver_studio/toolchain/risc-v embedded gcc/bin/../lib/gcc/riscv-none-embed/8.2.0/../../../../riscv-none-embed/lib/rv32imafc/ilp32f\libg_nano.a(lib_a-dtoa.o)
 .text._dtoa_r  0x0000000000019dac      0xbea f:/smartcar/mounriver/mounriver_studio/toolchain/risc-v embedded gcc/bin/../lib/gcc/riscv-none-embed/8.2.0/../../../../riscv-none-embed/lib/rv32imafc/ilp32f\libg_nano.a(lib_a-dtoa.o)
                0x0000000000019dac                _dtoa_r
 .text.std      0x000000000001a996       0x6a f:/smartcar/mounriver/mounriver_studio/toolchain/risc-v embedded gcc/bin/../lib/gcc/riscv-none-embed/8.2.0/../../../../riscv-none-embed/lib/rv32imafc/ilp32f\libg_nano.a(lib_a-findfp.o)
 .text._cleanup_r
                0x000000000001aa00        0xa f:/smartcar/mounriver/mounriver_studio/toolchain/risc-v embedded gcc/bin/../lib/gcc/riscv-none-embed/8.2.0/../../../../riscv-none-embed/lib/rv32imafc/ilp32f\libg_nano.a(lib_a-findfp.o)
                0x000000000001aa00                _cleanup_r
 .text.__sfmoreglue
                0x000000000001aa0a       0x48 f:/smartcar/mounriver/mounriver_studio/toolchain/risc-v embedded gcc/bin/../lib/gcc/riscv-none-embed/8.2.0/../../../../riscv-none-embed/lib/rv32imafc/ilp32f\libg_nano.a(lib_a-findfp.o)
                0x000000000001aa0a                __sfmoreglue
 .text.__sinit  0x000000000001aa52       0x6c f:/smartcar/mounriver/mounriver_studio/toolchain/risc-v embedded gcc/bin/../lib/gcc/riscv-none-embed/8.2.0/../../../../riscv-none-embed/lib/rv32imafc/ilp32f\libg_nano.a(lib_a-findfp.o)
                0x000000000001aa52                __sinit
 .text.__sfp    0x000000000001aabe       0xa0 f:/smartcar/mounriver/mounriver_studio/toolchain/risc-v embedded gcc/bin/../lib/gcc/riscv-none-embed/8.2.0/../../../../riscv-none-embed/lib/rv32imafc/ilp32f\libg_nano.a(lib_a-findfp.o)
                0x000000000001aabe                __sfp
 .text._fwalk_reent
                0x000000000001ab5e       0x6c f:/smartcar/mounriver/mounriver_studio/toolchain/risc-v embedded gcc/bin/../lib/gcc/riscv-none-embed/8.2.0/../../../../riscv-none-embed/lib/rv32imafc/ilp32f\libg_nano.a(lib_a-fwalk.o)
                0x000000000001ab5e                _fwalk_reent
 .text._localeconv_r
                0x000000000001abca       0x18 f:/smartcar/mounriver/mounriver_studio/toolchain/risc-v embedded gcc/bin/../lib/gcc/riscv-none-embed/8.2.0/../../../../riscv-none-embed/lib/rv32imafc/ilp32f\libg_nano.a(lib_a-localeconv.o)
                0x000000000001abca                _localeconv_r
 .text.malloc   0x000000000001abe2        0xc f:/smartcar/mounriver/mounriver_studio/toolchain/risc-v embedded gcc/bin/../lib/gcc/riscv-none-embed/8.2.0/../../../../riscv-none-embed/lib/rv32imafc/ilp32f\libg_nano.a(lib_a-malloc.o)
                0x000000000001abe2                malloc
 .text.memchr   0x000000000001abee       0x1a f:/smartcar/mounriver/mounriver_studio/toolchain/risc-v embedded gcc/bin/../lib/gcc/riscv-none-embed/8.2.0/../../../../riscv-none-embed/lib/rv32imafc/ilp32f\libg_nano.a(lib_a-memchr.o)
                0x000000000001abee                memchr
 .text._Balloc  0x000000000001ac08       0x88 f:/smartcar/mounriver/mounriver_studio/toolchain/risc-v embedded gcc/bin/../lib/gcc/riscv-none-embed/8.2.0/../../../../riscv-none-embed/lib/rv32imafc/ilp32f\libg_nano.a(lib_a-mprec.o)
                0x000000000001ac08                _Balloc
 .text._Bfree   0x000000000001ac90       0x44 f:/smartcar/mounriver/mounriver_studio/toolchain/risc-v embedded gcc/bin/../lib/gcc/riscv-none-embed/8.2.0/../../../../riscv-none-embed/lib/rv32imafc/ilp32f\libg_nano.a(lib_a-mprec.o)
                0x000000000001ac90                _Bfree
 .text.__multadd
                0x000000000001acd4       0x98 f:/smartcar/mounriver/mounriver_studio/toolchain/risc-v embedded gcc/bin/../lib/gcc/riscv-none-embed/8.2.0/../../../../riscv-none-embed/lib/rv32imafc/ilp32f\libg_nano.a(lib_a-mprec.o)
                0x000000000001acd4                __multadd
 .text.__hi0bits
                0x000000000001ad6c       0x46 f:/smartcar/mounriver/mounriver_studio/toolchain/risc-v embedded gcc/bin/../lib/gcc/riscv-none-embed/8.2.0/../../../../riscv-none-embed/lib/rv32imafc/ilp32f\libg_nano.a(lib_a-mprec.o)
                0x000000000001ad6c                __hi0bits
 .text.__lo0bits
                0x000000000001adb2       0x6a f:/smartcar/mounriver/mounriver_studio/toolchain/risc-v embedded gcc/bin/../lib/gcc/riscv-none-embed/8.2.0/../../../../riscv-none-embed/lib/rv32imafc/ilp32f\libg_nano.a(lib_a-mprec.o)
                0x000000000001adb2                __lo0bits
 .text.__i2b    0x000000000001ae1c       0x1c f:/smartcar/mounriver/mounriver_studio/toolchain/risc-v embedded gcc/bin/../lib/gcc/riscv-none-embed/8.2.0/../../../../riscv-none-embed/lib/rv32imafc/ilp32f\libg_nano.a(lib_a-mprec.o)
                0x000000000001ae1c                __i2b
 .text.__multiply
                0x000000000001ae38      0x144 f:/smartcar/mounriver/mounriver_studio/toolchain/risc-v embedded gcc/bin/../lib/gcc/riscv-none-embed/8.2.0/../../../../riscv-none-embed/lib/rv32imafc/ilp32f\libg_nano.a(lib_a-mprec.o)
                0x000000000001ae38                __multiply
 .text.__pow5mult
                0x000000000001af7c       0xbe f:/smartcar/mounriver/mounriver_studio/toolchain/risc-v embedded gcc/bin/../lib/gcc/riscv-none-embed/8.2.0/../../../../riscv-none-embed/lib/rv32imafc/ilp32f\libg_nano.a(lib_a-mprec.o)
                0x000000000001af7c                __pow5mult
 .text.__lshift
                0x000000000001b03a       0xce f:/smartcar/mounriver/mounriver_studio/toolchain/risc-v embedded gcc/bin/../lib/gcc/riscv-none-embed/8.2.0/../../../../riscv-none-embed/lib/rv32imafc/ilp32f\libg_nano.a(lib_a-mprec.o)
                0x000000000001b03a                __lshift
 .text.__mcmp   0x000000000001b108       0x32 f:/smartcar/mounriver/mounriver_studio/toolchain/risc-v embedded gcc/bin/../lib/gcc/riscv-none-embed/8.2.0/../../../../riscv-none-embed/lib/rv32imafc/ilp32f\libg_nano.a(lib_a-mprec.o)
                0x000000000001b108                __mcmp
 .text.__mdiff  0x000000000001b13a       0xf2 f:/smartcar/mounriver/mounriver_studio/toolchain/risc-v embedded gcc/bin/../lib/gcc/riscv-none-embed/8.2.0/../../../../riscv-none-embed/lib/rv32imafc/ilp32f\libg_nano.a(lib_a-mprec.o)
                0x000000000001b13a                __mdiff
 .text.__d2b    0x000000000001b22c       0xd4 f:/smartcar/mounriver/mounriver_studio/toolchain/risc-v embedded gcc/bin/../lib/gcc/riscv-none-embed/8.2.0/../../../../riscv-none-embed/lib/rv32imafc/ilp32f\libg_nano.a(lib_a-mprec.o)
                0x000000000001b22c                __d2b
 .text._calloc_r
                0x000000000001b300       0x26 f:/smartcar/mounriver/mounriver_studio/toolchain/risc-v embedded gcc/bin/../lib/gcc/riscv-none-embed/8.2.0/../../../../riscv-none-embed/lib/rv32imafc/ilp32f\libg_nano.a(lib_a-nano-callocr.o)
                0x000000000001b300                _calloc_r
 .text._free_r  0x000000000001b326       0xa8 f:/smartcar/mounriver/mounriver_studio/toolchain/risc-v embedded gcc/bin/../lib/gcc/riscv-none-embed/8.2.0/../../../../riscv-none-embed/lib/rv32imafc/ilp32f\libg_nano.a(lib_a-nano-freer.o)
                0x000000000001b326                _free_r
 .text._malloc_r
                0x000000000001b3ce       0xd6 f:/smartcar/mounriver/mounriver_studio/toolchain/risc-v embedded gcc/bin/../lib/gcc/riscv-none-embed/8.2.0/../../../../riscv-none-embed/lib/rv32imafc/ilp32f\libg_nano.a(lib_a-nano-mallocr.o)
                0x000000000001b3ce                _malloc_r
 .text._realloc_r
                0x000000000001b4a4       0x5a f:/smartcar/mounriver/mounriver_studio/toolchain/risc-v embedded gcc/bin/../lib/gcc/riscv-none-embed/8.2.0/../../../../riscv-none-embed/lib/rv32imafc/ilp32f\libg_nano.a(lib_a-nano-reallocr.o)
                0x000000000001b4a4                _realloc_r
 .text.__ssputs_r
                0x000000000001b4fe       0xee f:/smartcar/mounriver/mounriver_studio/toolchain/risc-v embedded gcc/bin/../lib/gcc/riscv-none-embed/8.2.0/../../../../riscv-none-embed/lib/rv32imafc/ilp32f\libg_nano.a(lib_a-nano-svfprintf.o)
                0x000000000001b4fe                __ssputs_r
 .text._svfprintf_r
                0x000000000001b5ec      0x27e f:/smartcar/mounriver/mounriver_studio/toolchain/risc-v embedded gcc/bin/../lib/gcc/riscv-none-embed/8.2.0/../../../../riscv-none-embed/lib/rv32imafc/ilp32f\libg_nano.a(lib_a-nano-svfprintf.o)
                0x000000000001b5ec                _svfiprintf_r
                0x000000000001b5ec                _svfprintf_r
 .text.__sfputc_r
                0x000000000001b86a       0x28 f:/smartcar/mounriver/mounriver_studio/toolchain/risc-v embedded gcc/bin/../lib/gcc/riscv-none-embed/8.2.0/../../../../riscv-none-embed/lib/rv32imafc/ilp32f\libg_nano.a(lib_a-nano-vfprintf.o)
 .text.__sfputs_r
                0x000000000001b892       0x44 f:/smartcar/mounriver/mounriver_studio/toolchain/risc-v embedded gcc/bin/../lib/gcc/riscv-none-embed/8.2.0/../../../../riscv-none-embed/lib/rv32imafc/ilp32f\libg_nano.a(lib_a-nano-vfprintf.o)
                0x000000000001b892                __sfputs_r
 .text._vfprintf_r
                0x000000000001b8d6      0x29e f:/smartcar/mounriver/mounriver_studio/toolchain/risc-v embedded gcc/bin/../lib/gcc/riscv-none-embed/8.2.0/../../../../riscv-none-embed/lib/rv32imafc/ilp32f\libg_nano.a(lib_a-nano-vfprintf.o)
                0x000000000001b8d6                _vfprintf_r
                0x000000000001b8d6                _vfiprintf_r
 .text._sbrk_r  0x000000000001bb74       0x32 f:/smartcar/mounriver/mounriver_studio/toolchain/risc-v embedded gcc/bin/../lib/gcc/riscv-none-embed/8.2.0/../../../../riscv-none-embed/lib/rv32imafc/ilp32f\libg_nano.a(lib_a-sbrkr.o)
                0x000000000001bb74                _sbrk_r
 .text.__sread  0x000000000001bba6       0x30 f:/smartcar/mounriver/mounriver_studio/toolchain/risc-v embedded gcc/bin/../lib/gcc/riscv-none-embed/8.2.0/../../../../riscv-none-embed/lib/rv32imafc/ilp32f\libg_nano.a(lib_a-stdio.o)
                0x000000000001bba6                __sread
 .text.__swrite
                0x000000000001bbd6       0x4e f:/smartcar/mounriver/mounriver_studio/toolchain/risc-v embedded gcc/bin/../lib/gcc/riscv-none-embed/8.2.0/../../../../riscv-none-embed/lib/rv32imafc/ilp32f\libg_nano.a(lib_a-stdio.o)
                0x000000000001bbd6                __swrite
 .text.__sseek  0x000000000001bc24       0x36 f:/smartcar/mounriver/mounriver_studio/toolchain/risc-v embedded gcc/bin/../lib/gcc/riscv-none-embed/8.2.0/../../../../riscv-none-embed/lib/rv32imafc/ilp32f\libg_nano.a(lib_a-stdio.o)
                0x000000000001bc24                __sseek
 .text.__sclose
                0x000000000001bc5a        0x6 f:/smartcar/mounriver/mounriver_studio/toolchain/risc-v embedded gcc/bin/../lib/gcc/riscv-none-embed/8.2.0/../../../../riscv-none-embed/lib/rv32imafc/ilp32f\libg_nano.a(lib_a-stdio.o)
                0x000000000001bc5a                __sclose
 .text.__swbuf_r
                0x000000000001bc60       0xc2 f:/smartcar/mounriver/mounriver_studio/toolchain/risc-v embedded gcc/bin/../lib/gcc/riscv-none-embed/8.2.0/../../../../riscv-none-embed/lib/rv32imafc/ilp32f\libg_nano.a(lib_a-wbuf.o)
                0x000000000001bc60                __swbuf_r
 .text._write_r
                0x000000000001bd22       0x36 f:/smartcar/mounriver/mounriver_studio/toolchain/risc-v embedded gcc/bin/../lib/gcc/riscv-none-embed/8.2.0/../../../../riscv-none-embed/lib/rv32imafc/ilp32f\libg_nano.a(lib_a-writer.o)
                0x000000000001bd22                _write_r
 .text.__swsetup_r
                0x000000000001bd58      0x110 f:/smartcar/mounriver/mounriver_studio/toolchain/risc-v embedded gcc/bin/../lib/gcc/riscv-none-embed/8.2.0/../../../../riscv-none-embed/lib/rv32imafc/ilp32f\libg_nano.a(lib_a-wsetup.o)
                0x000000000001bd58                __swsetup_r
 .text._close_r
                0x000000000001be68       0x32 f:/smartcar/mounriver/mounriver_studio/toolchain/risc-v embedded gcc/bin/../lib/gcc/riscv-none-embed/8.2.0/../../../../riscv-none-embed/lib/rv32imafc/ilp32f\libg_nano.a(lib_a-closer.o)
                0x000000000001be68                _close_r
 .text.__sflush_r
                0x000000000001be9a      0x13e f:/smartcar/mounriver/mounriver_studio/toolchain/risc-v embedded gcc/bin/../lib/gcc/riscv-none-embed/8.2.0/../../../../riscv-none-embed/lib/rv32imafc/ilp32f\libg_nano.a(lib_a-fflush.o)
                0x000000000001be9a                __sflush_r
 .text._fflush_r
                0x000000000001bfd8       0x68 f:/smartcar/mounriver/mounriver_studio/toolchain/risc-v embedded gcc/bin/../lib/gcc/riscv-none-embed/8.2.0/../../../../riscv-none-embed/lib/rv32imafc/ilp32f\libg_nano.a(lib_a-fflush.o)
                0x000000000001bfd8                _fflush_r
 .text._lseek_r
                0x000000000001c040       0x34 f:/smartcar/mounriver/mounriver_studio/toolchain/risc-v embedded gcc/bin/../lib/gcc/riscv-none-embed/8.2.0/../../../../riscv-none-embed/lib/rv32imafc/ilp32f\libg_nano.a(lib_a-lseekr.o)
                0x000000000001c040                _lseek_r
 .text.__swhatbuf_r
                0x000000000001c074       0x58 f:/smartcar/mounriver/mounriver_studio/toolchain/risc-v embedded gcc/bin/../lib/gcc/riscv-none-embed/8.2.0/../../../../riscv-none-embed/lib/rv32imafc/ilp32f\libg_nano.a(lib_a-makebuf.o)
                0x000000000001c074                __swhatbuf_r
 .text.__smakebuf_r
                0x000000000001c0cc       0xa0 f:/smartcar/mounriver/mounriver_studio/toolchain/risc-v embedded gcc/bin/../lib/gcc/riscv-none-embed/8.2.0/../../../../riscv-none-embed/lib/rv32imafc/ilp32f\libg_nano.a(lib_a-makebuf.o)
                0x000000000001c0cc                __smakebuf_r
 .text.__ascii_mbtowc
                0x000000000001c16c       0x3a f:/smartcar/mounriver/mounriver_studio/toolchain/risc-v embedded gcc/bin/../lib/gcc/riscv-none-embed/8.2.0/../../../../riscv-none-embed/lib/rv32imafc/ilp32f\libg_nano.a(lib_a-mbtowc_r.o)
                0x000000000001c16c                __ascii_mbtowc
 .text.memmove  0x000000000001c1a6       0x4a f:/smartcar/mounriver/mounriver_studio/toolchain/risc-v embedded gcc/bin/../lib/gcc/riscv-none-embed/8.2.0/../../../../riscv-none-embed/lib/rv32imafc/ilp32f\libg_nano.a(lib_a-memmove.o)
                0x000000000001c1a6                memmove
 .text.__malloc_lock
                0x000000000001c1f0        0x2 f:/smartcar/mounriver/mounriver_studio/toolchain/risc-v embedded gcc/bin/../lib/gcc/riscv-none-embed/8.2.0/../../../../riscv-none-embed/lib/rv32imafc/ilp32f\libg_nano.a(lib_a-mlock.o)
                0x000000000001c1f0                __malloc_lock
 .text.__malloc_unlock
                0x000000000001c1f2        0x2 f:/smartcar/mounriver/mounriver_studio/toolchain/risc-v embedded gcc/bin/../lib/gcc/riscv-none-embed/8.2.0/../../../../riscv-none-embed/lib/rv32imafc/ilp32f\libg_nano.a(lib_a-mlock.o)
                0x000000000001c1f2                __malloc_unlock
 .text._malloc_usable_size_r
                0x000000000001c1f4       0x14 f:/smartcar/mounriver/mounriver_studio/toolchain/risc-v embedded gcc/bin/../lib/gcc/riscv-none-embed/8.2.0/../../../../riscv-none-embed/lib/rv32imafc/ilp32f\libg_nano.a(lib_a-nano-msizer.o)
                0x000000000001c1f4                _malloc_usable_size_r
 .text._read_r  0x000000000001c208       0x34 f:/smartcar/mounriver/mounriver_studio/toolchain/risc-v embedded gcc/bin/../lib/gcc/riscv-none-embed/8.2.0/../../../../riscv-none-embed/lib/rv32imafc/ilp32f\libg_nano.a(lib_a-readr.o)
                0x000000000001c208                _read_r
 .text.__ascii_wctomb
                0x000000000001c23c       0x20 f:/smartcar/mounriver/mounriver_studio/toolchain/risc-v embedded gcc/bin/../lib/gcc/riscv-none-embed/8.2.0/../../../../riscv-none-embed/lib/rv32imafc/ilp32f\libg_nano.a(lib_a-wctomb_r.o)
                0x000000000001c23c                __ascii_wctomb
 .text._fstat_r
                0x000000000001c25c       0x32 f:/smartcar/mounriver/mounriver_studio/toolchain/risc-v embedded gcc/bin/../lib/gcc/riscv-none-embed/8.2.0/../../../../riscv-none-embed/lib/rv32imafc/ilp32f\libg_nano.a(lib_a-fstatr.o)
                0x000000000001c25c                _fstat_r
 .text._isatty_r
                0x000000000001c28e       0x30 f:/smartcar/mounriver/mounriver_studio/toolchain/risc-v embedded gcc/bin/../lib/gcc/riscv-none-embed/8.2.0/../../../../riscv-none-embed/lib/rv32imafc/ilp32f\libg_nano.a(lib_a-isattyr.o)
                0x000000000001c28e                _isatty_r
 .text.__trunctfdf2
                0x000000000001c2be      0x3d0 f:/smartcar/mounriver/mounriver_studio/toolchain/risc-v embedded gcc/bin/../lib/gcc/riscv-none-embed/8.2.0/rv32imafc/ilp32f\libgcc.a(trunctfdf2.o)
                0x000000000001c2be                __trunctfdf2
 .text._close   0x000000000001c68e       0x10 f:/smartcar/mounriver/mounriver_studio/toolchain/risc-v embedded gcc/bin/../lib/gcc/riscv-none-embed/8.2.0/../../../../riscv-none-embed/lib/rv32imafc/ilp32f\libnosys.a(close.o)
                0x000000000001c68e                _close
 .text._fstat   0x000000000001c69e       0x10 f:/smartcar/mounriver/mounriver_studio/toolchain/risc-v embedded gcc/bin/../lib/gcc/riscv-none-embed/8.2.0/../../../../riscv-none-embed/lib/rv32imafc/ilp32f\libnosys.a(fstat.o)
                0x000000000001c69e                _fstat
 .text._isatty  0x000000000001c6ae       0x10 f:/smartcar/mounriver/mounriver_studio/toolchain/risc-v embedded gcc/bin/../lib/gcc/riscv-none-embed/8.2.0/../../../../riscv-none-embed/lib/rv32imafc/ilp32f\libnosys.a(isatty.o)
                0x000000000001c6ae                _isatty
 .text._lseek   0x000000000001c6be       0x10 f:/smartcar/mounriver/mounriver_studio/toolchain/risc-v embedded gcc/bin/../lib/gcc/riscv-none-embed/8.2.0/../../../../riscv-none-embed/lib/rv32imafc/ilp32f\libnosys.a(lseek.o)
                0x000000000001c6be                _lseek
 .text._read    0x000000000001c6ce       0x10 f:/smartcar/mounriver/mounriver_studio/toolchain/risc-v embedded gcc/bin/../lib/gcc/riscv-none-embed/8.2.0/../../../../riscv-none-embed/lib/rv32imafc/ilp32f\libnosys.a(read.o)
                0x000000000001c6ce                _read
 .text._sbrk    0x000000000001c6de       0x24 f:/smartcar/mounriver/mounriver_studio/toolchain/risc-v embedded gcc/bin/../lib/gcc/riscv-none-embed/8.2.0/../../../../riscv-none-embed/lib/rv32imafc/ilp32f\libnosys.a(sbrk.o)
                0x000000000001c6de                _sbrk
 *(.rodata)
 *fill*         0x000000000001c702        0x2 
 .rodata        0x000000000001c704       0x60 ./zf_driver/zf_driver_encoder.o
 .rodata        0x000000000001c764       0x5e ./zf_driver/zf_driver_flash.o
 *fill*         0x000000000001c7c2        0x2 
 .rodata        0x000000000001c7c4       0x84 ./zf_driver/zf_driver_pit.o
 .rodata        0x000000000001c848       0x5c ./zf_driver/zf_driver_pwm.o
 .rodata        0x000000000001c8a4       0x61 ./zf_driver/zf_driver_soft_iic.o
 *fill*         0x000000000001c905        0x3 
 .rodata        0x000000000001c908       0x5c ./zf_driver/zf_driver_spi.o
 .rodata        0x000000000001c964       0x5e ./zf_driver/zf_driver_timer.o
 *fill*         0x000000000001c9c2        0x2 
 .rodata        0x000000000001c9c4       0x5d ./zf_driver/zf_driver_uart.o
 *fill*         0x000000000001ca21        0x7 
 .rodata        0x000000000001ca28        0x8 ./zf_device/zf_device_dm1xa.o
 .rodata        0x000000000001ca30       0xf0 ./zf_device/zf_device_gps_tau1201.o
 .rodata        0x000000000001cb20       0xa0 ./zf_device/zf_device_imu660ra.o
 .rodata        0x000000000001cbc0       0x68 ./zf_device/zf_device_ips200.o
 .rodata        0x000000000001cc28       0x9a ./zf_device/zf_device_mt9v03x_dvp.o
 *fill*         0x000000000001ccc2        0x2 
 .rodata        0x000000000001ccc4       0x78 ./zf_common/zf_common_debug.o
 .rodata        0x000000000001cd3c       0x5d ./zf_common/zf_common_fifo.o
 *fill*         0x000000000001cd99        0x7 
 .rodata        0x000000000001cda0       0xa0 ./zf_common/zf_common_function.o
 .rodata        0x000000000001ce40       0x41 ./sdk/Peripheral/ch32v30x_usbotg_device.o
 *fill*         0x000000000001ce81        0x3 
 .rodata        0x000000000001ce84       0x10 ./code/Menu.o
 .rodata        0x000000000001ce94       0x10 ./code/imu.o
 *(.rodata*)
 .rodata.encoder_get_count
                0x000000000001cea4       0x28 ./zf_driver/zf_driver_encoder.o
 .rodata.encoder_clear_count
                0x000000000001cecc       0x28 ./zf_driver/zf_driver_encoder.o
 .rodata.encoder_quad_init
                0x000000000001cef4       0x28 ./zf_driver/zf_driver_encoder.o
 .rodata.pit_init
                0x000000000001cf1c       0x28 ./zf_driver/zf_driver_pit.o
 .rodata.pwm_set_duty
                0x000000000001cf44       0x28 ./zf_driver/zf_driver_pwm.o
 .rodata.pwm_init
                0x000000000001cf6c       0x28 ./zf_driver/zf_driver_pwm.o
 .rodata.spi_index
                0x000000000001cf94        0xc ./zf_driver/zf_driver_spi.o
                0x000000000001cf94                spi_index
 .rodata.timer_get
                0x000000000001cfa0       0x28 ./zf_driver/zf_driver_timer.o
 .rodata.timer_clear
                0x000000000001cfc8       0x28 ./zf_driver/zf_driver_timer.o
 .rodata.timer_init
                0x000000000001cff0       0x28 ./zf_driver/zf_driver_timer.o
 .rodata.uart_index
                0x000000000001d018       0x20 ./zf_driver/zf_driver_uart.o
                0x000000000001d018                uart_index
 .rodata.ascii_font_8x16
                0x000000000001d038      0x5f0 ./zf_common/zf_common_font.o
                0x000000000001d038                ascii_font_8x16
 .rodata.ascii_font_6x8
                0x000000000001d628      0x228 ./zf_common/zf_common_font.o
                0x000000000001d628                ascii_font_6x8
 .rodata.MyDevDescrHD
                0x000000000001d850       0x12 ./sdk/Peripheral/ch32v30x_usbotg_device.o
                0x000000000001d850                MyDevDescrHD
 *fill*         0x000000000001d862        0x2 
 .rodata.MyCfgDescrHD
                0x000000000001d864       0x43 ./sdk/Peripheral/ch32v30x_usbotg_device.o
                0x000000000001d864                MyCfgDescrHD
 *fill*         0x000000000001d8a7        0x1 
 .rodata.MyReportDescHD
                0x000000000001d8a8       0x14 ./sdk/Peripheral/ch32v30x_usbotg_device.o
                0x000000000001d8a8                MyReportDescHD
 .rodata.MyManuInfoHD
                0x000000000001d8bc        0xe ./sdk/Peripheral/ch32v30x_usbotg_device.o
                0x000000000001d8bc                MyManuInfoHD
 *fill*         0x000000000001d8ca        0x2 
 .rodata.MyProdInfoHD
                0x000000000001d8cc        0xc ./sdk/Peripheral/ch32v30x_usbotg_device.o
                0x000000000001d8cc                MyProdInfoHD
 .rodata.MySerNumInfoHD
                0x000000000001d8d8       0x16 ./sdk/Peripheral/ch32v30x_usbotg_device.o
                0x000000000001d8d8                MySerNumInfoHD
 *fill*         0x000000000001d8ee        0x2 
 .rodata.MyUSBQUADescHD
                0x000000000001d8f0        0xa ./sdk/Peripheral/ch32v30x_usbotg_device.o
                0x000000000001d8f0                MyUSBQUADescHD
 *fill*         0x000000000001d8fa        0x2 
 .rodata.OTG_FS_IRQHandler
                0x000000000001d8fc       0xbc ./sdk/Peripheral/ch32v30x_usbotg_device.o
 .rodata.menu_11.str1.4
                0x000000000001d9b8       0x13 ./code/Menu.o
 *fill*         0x000000000001d9cb        0x1 
 .rodata.menu_15.str1.4
                0x000000000001d9cc       0x76 ./code/Menu.o
 *fill*         0x000000000001da42        0x2 
 .rodata.menu_tuning.str1.4
                0x000000000001da44       0x36 ./code/Menu.o
 *fill*         0x000000000001da7a        0x2 
 .rodata.save_config.str1.4
                0x000000000001da7c       0x1b ./code/Menu.o
 *fill*         0x000000000001da97        0x1 
 .rodata.Menu_Switch.str1.4
                0x000000000001da98        0xd ./code/Menu.o
 *fill*         0x000000000001daa5        0x3 
 .rodata.atanf.cst4
                0x000000000001daa8       0x48 f:/smartcar/mounriver/mounriver_studio/toolchain/risc-v embedded gcc/bin/../lib/gcc/riscv-none-embed/8.2.0/../../../../riscv-none-embed/lib/rv32imafc/ilp32f\libm.a(lib_a-sf_atan.o)
 .rodata.atanhi
                0x000000000001daf0       0x10 f:/smartcar/mounriver/mounriver_studio/toolchain/risc-v embedded gcc/bin/../lib/gcc/riscv-none-embed/8.2.0/../../../../riscv-none-embed/lib/rv32imafc/ilp32f\libm.a(lib_a-sf_atan.o)
 .rodata.atanlo
                0x000000000001db00       0x10 f:/smartcar/mounriver/mounriver_studio/toolchain/risc-v embedded gcc/bin/../lib/gcc/riscv-none-embed/8.2.0/../../../../riscv-none-embed/lib/rv32imafc/ilp32f\libm.a(lib_a-sf_atan.o)
 .rodata.__ieee754_atan2f.cst4
                0x000000000001db10       0x20 f:/smartcar/mounriver/mounriver_studio/toolchain/risc-v embedded gcc/bin/../lib/gcc/riscv-none-embed/8.2.0/../../../../riscv-none-embed/lib/rv32imafc/ilp32f\libm.a(lib_a-ef_atan2.o)
                                         0x28 (size before relaxing)
 .rodata.__ieee754_rem_pio2f.cst4
                0x000000000001db30       0x24 f:/smartcar/mounriver/mounriver_studio/toolchain/risc-v embedded gcc/bin/../lib/gcc/riscv-none-embed/8.2.0/../../../../riscv-none-embed/lib/rv32imafc/ilp32f\libm.a(lib_a-ef_rem_pio2.o)
 .rodata.npio2_hw
                0x000000000001db54       0x80 f:/smartcar/mounriver/mounriver_studio/toolchain/risc-v embedded gcc/bin/../lib/gcc/riscv-none-embed/8.2.0/../../../../riscv-none-embed/lib/rv32imafc/ilp32f\libm.a(lib_a-ef_rem_pio2.o)
 .rodata.two_over_pi
                0x000000000001dbd4      0x318 f:/smartcar/mounriver/mounriver_studio/toolchain/risc-v embedded gcc/bin/../lib/gcc/riscv-none-embed/8.2.0/../../../../riscv-none-embed/lib/rv32imafc/ilp32f\libm.a(lib_a-ef_rem_pio2.o)
 .rodata.PIo2   0x000000000001deec       0x2c f:/smartcar/mounriver/mounriver_studio/toolchain/risc-v embedded gcc/bin/../lib/gcc/riscv-none-embed/8.2.0/../../../../riscv-none-embed/lib/rv32imafc/ilp32f\libm.a(lib_a-kf_rem_pio2.o)
 .rodata.__kernel_rem_pio2f.cst4
                0x000000000001df18       0x10 f:/smartcar/mounriver/mounriver_studio/toolchain/risc-v embedded gcc/bin/../lib/gcc/riscv-none-embed/8.2.0/../../../../riscv-none-embed/lib/rv32imafc/ilp32f\libm.a(lib_a-kf_rem_pio2.o)
                                         0x1c (size before relaxing)
 .rodata.init_jk
                0x000000000001df28        0xc f:/smartcar/mounriver/mounriver_studio/toolchain/risc-v embedded gcc/bin/../lib/gcc/riscv-none-embed/8.2.0/../../../../riscv-none-embed/lib/rv32imafc/ilp32f\libm.a(lib_a-kf_rem_pio2.o)
 .rodata.__kernel_tanf.cst4
                0x000000000001df34       0x38 f:/smartcar/mounriver/mounriver_studio/toolchain/risc-v embedded gcc/bin/../lib/gcc/riscv-none-embed/8.2.0/../../../../riscv-none-embed/lib/rv32imafc/ilp32f\libm.a(lib_a-kf_tan.o)
                                         0x48 (size before relaxing)
 .rodata.floorf.cst4
                0x000000000001df6c        0x8 f:/smartcar/mounriver/mounriver_studio/toolchain/risc-v embedded gcc/bin/../lib/gcc/riscv-none-embed/8.2.0/../../../../riscv-none-embed/lib/rv32imafc/ilp32f\libm.a(lib_a-sf_floor.o)
 .rodata.scalbnf.cst4